18:40:05|INFO   | Partition x6eq2mx5&x5eqx4px2_0.0 initialized (i_min=4)
18:40:05|CRITICAL| ----------------------------------------
18:40:05|CRITICAL| Partition [1/3] (ID: x6eq2mx5&x5eqx4px2_0.0, i_min=4)
18:40:05|INFO   | ----------------------------------------
18:40:05|INFO   | ========================================
18:40:05|INFO   | Partition x6eq2mx5&x5eqx4px2_0.0 Solver Assertions:
18:40:05|INFO   | ========================================
18:40:05|INFO   |   [1] x6 > x5
18:40:05|INFO   |   [2] x5 > x4
18:40:05|INFO   |   [3] x4 > x3
18:40:05|INFO   |   [4] x3 > x2
18:40:05|INFO   |   [5] x2 > x1
18:40:05|INFO   |   [6] x1 > 0
18:40:05|INFO   |   [7] x6 == 2*x5
18:40:05|INFO   |   [8] x5 == x4 + x2
18:40:05|INFO   |   [9] And(Not(x6 - x4*3 > 0), Not(x6 == x4*3))
18:40:05|INFO   | ========================================
18:40:05|INFO   | ========================================
18:40:05|INFO   | Partition x6eq2mx5&x5eqx4px2_0.0 Members (6 total):
18:40:05|INFO   | ========================================
18:40:05|INFO   |   [0] =: x6 == x5*2
18:40:05|INFO   |   [1] >: x6 - (x5*1 + x4*1) > 0
18:40:05|INFO   |   [2] >: x6 - x5*1 > 0
18:40:05|INFO   |   [3] >: x6 - x4*2 > 0
18:40:05|INFO   |   [4] >: x6 - x4*1 > 0
18:40:05|INFO   |   [5] >: x6 - 0 > 0
18:40:05|INFO   | ========================================
18:40:05|INFO   | ..............................
18:40:05|INFO   | [n=1] Starting analysis
18:40:05|INFO   | ..............................
18:40:05|INFO   | Partition x6eq2mx5&x5eqx4px2_0.0: When n = 1, x_4 > 1 * x_3 :
18:40:05|INFO   |   [1] : x6 - x5*2 = 0 * x_3
18:40:05|INFO   |   [2] : x6 - (x5*1 + x4*1) > 0 * x_3
18:40:05|INFO   |   [3] : x6 - x5*1 > 1 * x_3
18:40:05|INFO   |   [4] : x6 - x4*2 > 0 * x_3
18:40:05|INFO   |   [5] : x6 - x4*1 > 1 * x_3
18:40:05|INFO   |   [6] : x6 - 0 > 2 * x_3
18:40:05|INFO   | ----------------------------------------
18:40:05|INFO   | Optimizing with method=pulp
18:40:05|INFO   | Starting optimization...
18:40:05|INFO   |  lower bound: 0.1205213_6 (> 0.11052411_6)
18:40:05|INFO   |  upper bound: 0.15253_6 (> 0.11052411_6)
18:40:05|INFO   | ----------------------------------------
18:40:05|INFO   | Optimization result:
18:40:05|INFO   |  status: extend
18:40:05|INFO   |  result: ['0.1205213_6', '0.15253_6']
18:40:05|INFO   |  details: n=1 too small
18:40:05|INFO   | ----------------------------------------
18:40:05|INFO   | Status: extend
18:40:05|CRITICAL| 🔄 Need to extend to larger n
