16:51:08 | DEBUG   | Partition logger initialized: x6eq2mx5&x5eqx4px3_0.2
16:51:08 | INFO    | Partition x6eq2mx5&x5eqx4px3_0.2 initialized (i_min=4)
16:51:08 | INFO    | ========================================
16:51:08 | INFO    | Partition x6eq2mx5&x5eqx4px3_0.2 Solver Assertions:
16:51:08 | INFO    | ========================================
16:51:08 | INFO    |   [1] x6 > x5
16:51:08 | INFO    |   [2] x5 > x4
16:51:08 | INFO    |   [3] x4 > x3
16:51:08 | INFO    |   [4] x3 > x2
16:51:08 | INFO    |   [5] x2 > x1
16:51:08 | INFO    |   [6] x1 > 0
16:51:08 | INFO    |   [7] x6 == 2*x5
16:51:08 | INFO    |   [8] x5 == x4 + x3
16:51:08 | INFO    |   [9] x6 == x4*3
16:51:08 | INFO    | ========================================
16:51:08 | INFO    | ========================================
16:51:08 | INFO    | Partition x6eq2mx5&x5eqx4px3_0.2 Members (7 total):
16:51:08 | INFO    | ========================================
16:51:08 | INFO    |   [0] =: x6 == x5*2
16:51:08 | INFO    |   [1] >: x6 - (x5*1 + x4*1) > 0
16:51:08 | INFO    |   [2] >: x6 - x5*1 > 0
16:51:08 | INFO    |   [3] =: x6 == x4*3
16:51:08 | INFO    |   [4] >: x6 - x4*2 > 0
16:51:08 | INFO    |   [5] >: x6 - x4*1 > 0
16:51:08 | INFO    |   [6] >: x6 - 0 > 0
16:51:08 | INFO    | ========================================
