19:45:48|CRITICAL| ----------------------------------------
19:45:48|CRITICAL| Partition [1/3] (ID: x6eq2mx5&x5eqx4px2_0.0, i_min=4)
19:45:48|INFO    | ----------------------------------------
19:45:48|INFO    | ========================================
19:45:48|INFO    | Partition x6eq2mx5&x5eqx4px2_0.0 Solver Assertions:
19:45:48|INFO    | ========================================
19:45:48|INFO    |   [1] x6 > x5
19:45:48|INFO    |   [2] x5 > x4
19:45:48|INFO    |   [3] x4 > x3
19:45:48|INFO    |   [4] x3 > x2
19:45:48|INFO    |   [5] x2 > x1
19:45:48|INFO    |   [6] x1 > 0
19:45:48|INFO    |   [7] x6 == 2*x5
19:45:48|INFO    |   [8] x5 == x4 + x2
19:45:48|INFO    |   [9] And(Not(x6 - x4*3 > 0), Not(x6 == x4*3))
19:45:48|INFO    | ========================================
19:45:48|INFO    | ========================================
19:45:48|INFO    | Partition x6eq2mx5&x5eqx4px2_0.0 Members (6 total):
19:45:48|INFO    | ========================================
19:45:48|INFO    |   [0] =: x6 == x5*2
19:45:48|INFO    |   [1] >: x6 - (x5*1 + x4*1) > 0
19:45:48|INFO    |   [2] >: x6 - x5*1 > 0
19:45:48|INFO    |   [3] >: x6 - x4*2 > 0
19:45:48|INFO    |   [4] >: x6 - x4*1 > 0
19:45:48|INFO    |   [5] >: x6 - 0 > 0
19:45:48|INFO    | ========================================
19:45:48|INFO    | ..............................
19:45:48|INFO    | [n=1] Starting analysis
19:45:48|INFO    | ..............................
19:45:48|INFO    | Partition x6eq2mx5&x5eqx4px2_0.0: When n = 1, x_4 > 1 * x_3 :
19:45:48|INFO    |   [1] : x6 - x5*2 = 0 * x_3
19:45:48|INFO    |   [2] : x6 - (x5*1 + x4*1) > 0 * x_3
19:45:48|INFO    |   [3] : x6 - x5*1 > 1 * x_3
19:45:48|INFO    |   [4] : x6 - x4*2 > 0 * x_3
19:45:48|INFO    |   [5] : x6 - x4*1 > 1 * x_3
19:45:48|INFO    |   [6] : x6 - 0 > 2 * x_3
19:45:48|INFO    | ----------------------------------------
19:45:48|INFO    | Optimizing with method=pulp
19:45:48|INFO    | Starting optimization...
19:45:48|INFO    |  lower bound: 0.1205213_6 (> 0.11052411_6)
19:45:48|INFO    |  upper bound: 0.15253_6 (> 0.11052411_6)
19:45:48|INFO    | ----------------------------------------
19:45:48|INFO    | Optimization result:
19:45:48|INFO    |  status: extend
19:45:48|INFO    |  result: ['0.1205213_6', '0.15253_6']
19:45:48|INFO    |  details: n=1 too small
19:45:48|INFO    | ----------------------------------------
19:45:48|INFO    | Status: extend
19:45:48|CRITICAL| 🔄 Need to extend to larger n
