19:57:41|INFO    |cube                          |setup_logger        | Batch log: E:\vscode_workplace\cube\logs\20251127_195741\batch_main.log
19:57:41|INFO    |cube                          |batch_solve         | ================================================================================
19:57:41|INFO    |cube                          |batch_solve         | 🚀 Starting batch_solve_constraints
19:57:41|INFO    |cube                          |batch_solve         | Total constraint groups: 2
19:57:41|INFO    |cube                          |batch_solve         | Parameters: n_max=36, max_depth=10, stop_on_error=False
19:57:41|INFO    |cube                          |batch_solve         | ================================================================================
19:57:41|INFO    |cube                          |batch_solve         | 
================================================================================
19:57:41|INFO    |cube                          |batch_solve         | 📋 Processing constraint group 1/2
19:57:41|INFO    |cube                          |batch_solve         | ================================================================================
19:57:41|INFO    |cube.constraint.x6eq2mx5&x5...|setup_constraint_...| Constraint logger initialized: x6eq2mx5&x5eqx4px2
19:57:41|INFO    |cube.constraint.x6eq2mx5&x5...|solve               | ================================================================================
19:57:41|INFO    |cube.constraint.x6eq2mx5&x5...|solve               | Starting solve_constraints
19:57:41|INFO    |cube.constraint.x6eq2mx5&x5...|solve               | Constraints: ['x6 == 2 * x5', 'x5 == x4 + x2']
19:57:41|INFO    |cube.constraint.x6eq2mx5&x5...|solve               | n_max: 36, max_depth: 10
19:57:41|INFO    |cube.constraint.x6eq2mx5&x5...|solve               | ================================================================================
19:57:41|INFO    |cube.constraint.x6eq2mx5&x5...|solve               | Solver ID: x6eq2mx5&x5eqx4px2_0
19:57:41|INFO    |cube.constraint.x6eq2mx5&x5...|solve               | Initial solver is satisfiable
19:57:41|INFO    |cube.constraint.x6eq2mx5&x5...|solve               | Optimizer initialized with n_max=36
19:57:41|INFO    |cube.constraint.x6eq2mx5&x5...|solve               | Starting recursive processing...
19:57:41|ERROR   |cube.constraint.x6eq2mx5&x5...|solve               | ❌ Error in solve_constraints: nmax is 2, cannot extend further
19:57:41|ERROR   |cube.constraint.x6eq2mx5&x5...|solve               | Traceback (most recent call last):
  File "e:\vscode_workplace\cube\main.py", line 476, in solve
    success_solvers = process_solver(
        initial_solver, opt, depth=0, max_depth=max_depth, solver_id=solver_id
    )
  File "e:\vscode_workplace\cube\main.py", line 364, in process_solver
    raise ValueError("nmax is 2, cannot extend further")
ValueError: nmax is 2, cannot extend further

19:57:41|ERROR   |cube                          |batch_solve         | ❌ Group 1 ERROR: nmax is 2, cannot extend further
19:57:41|INFO    |cube                          |batch_solve         | 
================================================================================
19:57:41|INFO    |cube                          |batch_solve         | 📋 Processing constraint group 2/2
19:57:41|INFO    |cube                          |batch_solve         | ================================================================================
19:57:41|INFO    |cube.constraint.x6eq2mx5&x5...|setup_constraint_...| Constraint logger initialized: x6eq2mx5&x5eqx4px3
19:57:41|INFO    |cube.constraint.x6eq2mx5&x5...|solve               | ================================================================================
19:57:41|INFO    |cube.constraint.x6eq2mx5&x5...|solve               | Starting solve_constraints
19:57:41|INFO    |cube.constraint.x6eq2mx5&x5...|solve               | Constraints: ['x6 == 2 * x5', 'x5 == x4 + x3']
19:57:41|INFO    |cube.constraint.x6eq2mx5&x5...|solve               | n_max: 36, max_depth: 10
19:57:41|INFO    |cube.constraint.x6eq2mx5&x5...|solve               | ================================================================================
19:57:41|INFO    |cube.constraint.x6eq2mx5&x5...|solve               | Solver ID: x6eq2mx5&x5eqx4px3_0
19:57:41|INFO    |cube.constraint.x6eq2mx5&x5...|solve               | Initial solver is satisfiable
19:57:41|INFO    |cube.constraint.x6eq2mx5&x5...|solve               | Optimizer initialized with n_max=36
19:57:41|INFO    |cube.constraint.x6eq2mx5&x5...|solve               | Starting recursive processing...
19:57:41|INFO    |cube.constraint.x6eq2mx5&x5...|solve               | ================================================================================
19:57:41|INFO    |cube.constraint.x6eq2mx5&x5...|solve               | solve_constraints completed
19:57:41|INFO    |cube.constraint.x6eq2mx5&x5...|solve               | Status: failed
19:57:41|INFO    |cube.constraint.x6eq2mx5&x5...|solve               | Total success solvers: 0
19:57:41|INFO    |cube.constraint.x6eq2mx5&x5...|solve               | ================================================================================
19:57:41|WARNING |cube.constraint.x6eq2mx5&x5...|solve               | ⚠️ No valid solutions found
19:57:41|WARNING |cube                          |batch_solve         | ⚠️ Group 2 FAILED: None
19:57:41|INFO    |cube                          |batch_solve         | 
================================================================================
19:57:41|INFO    |cube                          |batch_solve         | 📊 Batch Processing Summary
19:57:41|INFO    |cube                          |batch_solve         | ================================================================================
19:57:41|INFO    |cube                          |batch_solve         | Total groups processed: 2/2
19:57:41|INFO    |cube                          |batch_solve         | ✅ Success: 0
19:57:41|INFO    |cube                          |batch_solve         | ⚠️ Failed (no solutions): 1
19:57:41|INFO    |cube                          |batch_solve         | ❌ Error: 1
19:57:41|INFO    |cube                          |batch_solve         | 🎯 Total solutions found: 0
19:57:41|INFO    |cube                          |batch_solve         | ================================================================================
19:57:41|INFO    |cube                          |batch_solve         | 
Detailed Results:
19:57:41|INFO    |cube                          |batch_solve         | --------------------------------------------------------------------------------
19:57:41|INFO    |cube                          |batch_solve         | No.   Solver ID                      Status     Solutions 
19:57:41|INFO    |cube                          |batch_solve         | --------------------------------------------------------------------------------
19:57:41|INFO    |cube                          |batch_solve         | 1     x6eq2mx5&x5eqx4px2_0           error      0         
19:57:41|INFO    |cube                          |batch_solve         | 2     x6eq2mx5&x5eqx4px3_0           failed     0         
19:57:41|INFO    |cube                          |batch_solve         | ================================================================================
