19:25:13|INFO   | Constraint logger initialized: x6eq2mx5&x5eqx4px2
19:25:13|INFO   | ================================================================================
19:25:13|INFO   | Starting solve_constraints
19:25:13|INFO   | Constraints: ['x6 == 2 * x5', 'x5 == x4 + x2']
19:25:13|INFO   | n_max: 36, max_depth: 10
19:25:13|INFO   | ================================================================================
19:25:13|INFO   | Solver ID: x6eq2mx5&x5eqx4px2_0
19:25:13|INFO   | Initial solver is satisfiable
19:25:13|INFO   | Optimizer initialized with n_max=36
19:25:13|INFO   | Starting recursive processing...
19:25:13|INFO   | ========================================
19:25:13|CRITICAL| [Depth 0] Processing solver (ID: x6eq2mx5&x5eqx4px2_0)
19:25:13|INFO   | ========================================
19:25:13|INFO   | ========================================
19:25:13|INFO   | Solver x6eq2mx5&x5eqx4px2_0 Assertions:
19:25:13|INFO   | ========================================
19:25:13|INFO   |   [1] x6 > x5
19:25:13|INFO   |   [2] x5 > x4
19:25:13|INFO   |   [3] x4 > x3
19:25:13|INFO   |   [4] x3 > x2
19:25:13|INFO   |   [5] x2 > x1
19:25:13|INFO   |   [6] x1 > 0
19:25:13|INFO   |   [7] x6 == 2*x5
19:25:13|INFO   |   [8] x5 == x4 + x2
19:25:13|INFO   | ========================================
19:25:13|INFO   | Solver x6eq2mx5&x5eqx4px2_0 开始分解...
19:25:13|CRITICAL| Solver x6eq2mx5&x5eqx4px2_0 分解完成: 生成 3 个Partitions, i_min=4
19:25:13|CRITICAL| ----------------------------------------
19:25:13|CRITICAL| Partition [1/3] (ID: x6eq2mx5&x5eqx4px2_0.0, i_min=4)
19:25:13|INFO   | ----------------------------------------
19:25:13|INFO   | ========================================
19:25:13|INFO   | Partition x6eq2mx5&x5eqx4px2_0.0 Solver Assertions:
19:25:13|INFO   | ========================================
19:25:13|INFO   |   [1] x6 > x5
19:25:13|INFO   |   [2] x5 > x4
19:25:13|INFO   |   [3] x4 > x3
19:25:13|INFO   |   [4] x3 > x2
19:25:13|INFO   |   [5] x2 > x1
19:25:13|INFO   |   [6] x1 > 0
19:25:13|INFO   |   [7] x6 == 2*x5
19:25:13|INFO   |   [8] x5 == x4 + x2
19:25:13|INFO   |   [9] And(Not(x6 - x4*3 > 0), Not(x6 == x4*3))
19:25:13|INFO   | ========================================
19:25:13|INFO   | ========================================
19:25:13|INFO   | Partition x6eq2mx5&x5eqx4px2_0.0 Members (6 total):
19:25:13|INFO   | ========================================
19:25:13|INFO   |   [0] =: x6 == x5*2
19:25:13|INFO   |   [1] >: x6 - (x5*1 + x4*1) > 0
19:25:13|INFO   |   [2] >: x6 - x5*1 > 0
19:25:13|INFO   |   [3] >: x6 - x4*2 > 0
19:25:13|INFO   |   [4] >: x6 - x4*1 > 0
19:25:13|INFO   |   [5] >: x6 - 0 > 0
19:25:13|INFO   | ========================================
19:25:13|INFO   | ..............................
19:25:13|INFO   | [n=1] Starting analysis
19:25:13|INFO   | ..............................
19:25:13|INFO   | Partition x6eq2mx5&x5eqx4px2_0.0: When n = 1, x_4 > 1 * x_3 :
19:25:13|INFO   |   [1] : x6 - x5*2 = 0 * x_3
19:25:13|INFO   |   [2] : x6 - (x5*1 + x4*1) > 0 * x_3
19:25:13|INFO   |   [3] : x6 - x5*1 > 1 * x_3
19:25:13|INFO   |   [4] : x6 - x4*2 > 0 * x_3
19:25:13|INFO   |   [5] : x6 - x4*1 > 1 * x_3
19:25:13|INFO   |   [6] : x6 - 0 > 2 * x_3
19:25:13|INFO   | ----------------------------------------
19:25:13|INFO   | Optimizing with method=pulp
19:25:13|INFO   | Starting optimization...
19:25:13|INFO   |  lower bound: 0.1205213_6 (> 0.11052411_6)
19:25:13|INFO   |  upper bound: 0.15253_6 (> 0.11052411_6)
19:25:13|INFO   | ----------------------------------------
19:25:13|INFO   | Optimization result:
19:25:13|INFO   |  status: extend
19:25:13|INFO   |  result: ['0.1205213_6', '0.15253_6']
19:25:13|INFO   |  details: n=1 too small
19:25:13|INFO   | ----------------------------------------
19:25:13|INFO   | Status: extend
19:25:13|CRITICAL| 🔄 Need to extend to larger n
19:25:13|ERROR  | ❌ Error in solve_constraints: nmax is 2, cannot extend further
19:25:13|ERROR  | Traceback (most recent call last):
  File "e:\vscode_workplace\cube\main.py", line 462, in solve
    success_solvers = process_solver(
        initial_solver, opt, depth=0, max_depth=max_depth, solver_id=solver_id
    )
  File "e:\vscode_workplace\cube\main.py", line 350, in process_solver
    raise ValueError("nmax is 2, cannot extend further")
ValueError: nmax is 2, cannot extend further

