2025-11-27 11:54:04|INFO   |cube:120            |setup_logger     | 日志文件: e:\vscode_workplace\cube\logs\cube_20251127_115404.log
2025-11-27 11:54:04|INFO   |cube:425            |solve_constraints| ================================================================================
2025-11-27 11:54:04|INFO   |cube:426            |solve_constraints| Starting solve_constraints
2025-11-27 11:54:04|INFO   |cube:427            |solve_constraints| Constraints: ['x6 == 2 * x5', 'x5 == x4 + x2']
2025-11-27 11:54:04|INFO   |cube:428            |solve_constraints| n_max: 36, max_depth: 10
2025-11-27 11:54:04|INFO   |cube:429            |solve_constraints| ================================================================================
2025-11-27 11:54:04|INFO   |cube:436            |solve_constraints| Solver ID: x6eq2mx5&x5eqx4px2_0
2025-11-27 11:54:04|INFO   |cube:445            |solve_constraints| Initial solver is satisfiable
2025-11-27 11:54:04|INFO   |cube:449            |solve_constraints| Optimizer initialized with n_max=36
2025-11-27 11:54:04|INFO   |cube:452            |solve_constraints| Starting recursive processing...
2025-11-27 11:54:04|INFO   |cube:260            |process_solver   | ========================================
2025-11-27 11:54:04|INFO   |cube:261            |process_solver   | [Depth 0] Processing solver (ID: x6eq2mx5&x5eqx4px2_0)
2025-11-27 11:54:04|INFO   |cube:262            |process_solver   | ========================================
2025-11-27 11:54:04|INFO   |cube.smt:153        |log_assertions   | Solver x6eq2mx5&x5eqx4px2_0 assertions:
2025-11-27 11:54:04|INFO   |cube.smt:155        |log_assertions   |   [1] x6 > x5
2025-11-27 11:54:04|INFO   |cube.smt:155        |log_assertions   |   [2] x5 > x4
2025-11-27 11:54:04|INFO   |cube.smt:155        |log_assertions   |   [3] x4 > x3
2025-11-27 11:54:04|INFO   |cube.smt:155        |log_assertions   |   [4] x3 > x2
2025-11-27 11:54:04|INFO   |cube.smt:155        |log_assertions   |   [5] x2 > x1
2025-11-27 11:54:04|INFO   |cube.smt:155        |log_assertions   |   [6] x1 > 0
2025-11-27 11:54:04|INFO   |cube.smt:155        |log_assertions   |   [7] x6 == 2*x5
2025-11-27 11:54:04|INFO   |cube.smt:155        |log_assertions   |   [8] x5 == x4 + x2
2025-11-27 11:54:04|INFO   |cube.smt:156        |log_assertions   | ----------------------------------------
2025-11-27 11:54:04|INFO   |cube.smt:412        |decompose        | Solver x6eq2mx5&x5eqx4px2_0 开始分解...
2025-11-27 11:54:04|INFO   |cube.smt:416        |decompose        | Solver x6eq2mx5&x5eqx4px2_0 分解完成: 生成 3 个Partitions, i_min=4
2025-11-27 11:54:04|INFO   |cube:284            |process_solver   | ----------------------------------------
2025-11-27 11:54:04|INFO   |cube:285            |process_solver   | Partition [1/3] (ID: x6eq2mx5&x5eqx4px2_0.0, i_min=4)
2025-11-27 11:54:04|INFO   |cube:286            |process_solver   | ----------------------------------------
2025-11-27 11:54:04|INFO   |cube.partition:62   |log_assertions   | Partition x6eq2mx5&x5eqx4px2_0.0 solver assertions:
2025-11-27 11:54:04|INFO   |cube.partition:64   |log_assertions   |   [1] x6 > x5
2025-11-27 11:54:04|INFO   |cube.partition:64   |log_assertions   |   [2] x5 > x4
2025-11-27 11:54:04|INFO   |cube.partition:64   |log_assertions   |   [3] x4 > x3
2025-11-27 11:54:04|INFO   |cube.partition:64   |log_assertions   |   [4] x3 > x2
2025-11-27 11:54:04|INFO   |cube.partition:64   |log_assertions   |   [5] x2 > x1
2025-11-27 11:54:04|INFO   |cube.partition:64   |log_assertions   |   [6] x1 > 0
2025-11-27 11:54:04|INFO   |cube.partition:64   |log_assertions   |   [7] x6 == 2*x5
2025-11-27 11:54:04|INFO   |cube.partition:64   |log_assertions   |   [8] x5 == x4 + x2
2025-11-27 11:54:04|INFO   |cube.partition:64   |log_assertions   |   [9] And(Not(x6 - x4*3 > 0), Not(x6 == x4*3))
2025-11-27 11:54:04|INFO   |cube.partition:65   |log_assertions   | ----------------------------------------
2025-11-27 11:54:04|INFO   |cube.partition:69   |log_members      | Partition x6eq2mx5&x5eqx4px2_0.0: expr with i_min = 4 :
2025-11-27 11:54:04|INFO   |cube.partition:71   |log_members      |   [1] x6 == x5*2
2025-11-27 11:54:04|INFO   |cube.partition:71   |log_members      |   [2] x6 - (x5*1 + x4*1) > 0
2025-11-27 11:54:04|INFO   |cube.partition:71   |log_members      |   [3] x6 - x5*1 > 0
2025-11-27 11:54:04|INFO   |cube.partition:71   |log_members      |   [4] x6 - x4*2 > 0
2025-11-27 11:54:04|INFO   |cube.partition:71   |log_members      |   [5] x6 - x4*1 > 0
2025-11-27 11:54:04|INFO   |cube.partition:71   |log_members      |   [6] x6 - 0 > 0
2025-11-27 11:54:04|INFO   |cube.partition:72   |log_members      | ----------------------------------------
2025-11-27 11:54:04|INFO   |cube:309            |process_solver   | ..............................
2025-11-27 11:54:04|INFO   |cube:310            |process_solver   | [n=1] Starting analysis
2025-11-27 11:54:04|INFO   |cube:311            |process_solver   | ..............................
2025-11-27 11:54:04|INFO   |cube.partition:76   |log_LHS          | Partition x6eq2mx5&x5eqx4px2_0.0: When n = 1, x_4 > 1 * x_3 :
2025-11-27 11:54:04|INFO   |cube.partition:81   |log_LHS          |   [1] : x6 - x5*2 = 0 * x_3
2025-11-27 11:54:04|INFO   |cube.partition:81   |log_LHS          |   [2] : x6 - (x5*1 + x4*1) > 0 * x_3
2025-11-27 11:54:04|INFO   |cube.partition:81   |log_LHS          |   [3] : x6 - x5*1 > 1 * x_3
2025-11-27 11:54:04|INFO   |cube.partition:81   |log_LHS          |   [4] : x6 - x4*2 > 0 * x_3
2025-11-27 11:54:04|INFO   |cube.partition:81   |log_LHS          |   [5] : x6 - x4*1 > 1 * x_3
2025-11-27 11:54:04|INFO   |cube.partition:81   |log_LHS          |   [6] : x6 - 0 > 2 * x_3
2025-11-27 11:54:04|INFO   |cube.partition:94   |log_LHS          | ----------------------------------------
2025-11-27 11:54:04|INFO   |cube:319            |process_solver   | Optimizing with method=pulp
2025-11-27 11:54:04|INFO   |cube.optim:659      |optimize         | Starting optimization...
2025-11-27 11:54:04|INFO   |cube.optim:783      |optimize         |  lower bound: 0.1205213_6 (> 0.11052411_6)
2025-11-27 11:54:04|INFO   |cube.optim:784      |optimize         |  upper bound: 0.15253_6 (> 0.11052411_6)
2025-11-27 11:54:04|INFO   |cube.optim:785      |optimize         | ----------------------------------------
2025-11-27 11:54:04|INFO   |cube.optim:629      |log_result       | Optimization result:
2025-11-27 11:54:04|INFO   |cube.optim:631      |log_result       |  status: extend
2025-11-27 11:54:04|INFO   |cube.optim:631      |log_result       |  result: ['0.1205213_6', '0.15253_6']
2025-11-27 11:54:04|INFO   |cube.optim:631      |log_result       |  details: n=1 too small
2025-11-27 11:54:04|INFO   |cube.optim:632      |log_result       | ----------------------------------------
2025-11-27 11:54:04|INFO   |cube:333            |process_solver   | Status: extend
2025-11-27 11:54:04|INFO   |cube:346            |process_solver   | 🔄 Need to extend to larger n
2025-11-27 11:54:04|ERROR  |cube:488            |solve_constraints| ❌ Error in solve_constraints: nmax is 2, cannot extend further
2025-11-27 11:54:04|ERROR  |cube:489            |solve_constraints| Traceback (most recent call last):
  File "e:\vscode_workplace\cube\main.py", line 453, in solve_constraints
    success_solvers = process_solver(
        initial_solver, opt, depth=0, max_depth=max_depth, solver_id=solver_id
    )
  File "e:\vscode_workplace\cube\main.py", line 348, in process_solver
    raise ValueError("nmax is 2, cannot extend further")
ValueError: nmax is 2, cannot extend further

2025-11-27 11:54:04|INFO   |cube:495            |solve_constraints| solve_constraints finished for ['x6 == 2 * x5', 'x5 == x4 + x2']
2025-11-27 11:54:04|INFO   |cube:496            |solve_constraints| --------------------------------------------------------------------------------
