18:40:05|INFO   |setup_logger   | Batch log: E:\vscode_workplace\cube\logs\20251127_184005\batch_main.log
18:40:05|INFO   |setup_logger   | Batch log: E:\vscode_workplace\cube\logs\20251127_184005\batch_main.log
18:40:05|INFO   |batch_solve    | ================================================================================
18:40:05|INFO   |batch_solve    | 🚀 Starting batch_solve_constraints
18:40:05|INFO   |batch_solve    | Total constraint groups: 2
18:40:05|INFO   |batch_solve    | Parameters: n_max=36, max_depth=10, stop_on_error=False
18:40:05|INFO   |batch_solve    | ================================================================================
18:40:05|INFO   |batch_solve    | 
================================================================================
18:40:05|INFO   |batch_solve    | 📋 Processing constraint group 1/2
18:40:05|INFO   |batch_solve    | ================================================================================
18:40:05|INFO   |cube.constraint.x6eq2mx5&x5eqx4px2| Constraint logger initialized: x6eq2mx5&x5eqx4px2
18:40:05|INFO   |cube.constraint.x6eq2mx5&x5eqx4px2| ================================================================================
18:40:05|INFO   |cube.constraint.x6eq2mx5&x5eqx4px2| Starting solve_constraints
18:40:05|INFO   |cube.constraint.x6eq2mx5&x5eqx4px2| Constraints: ['x6 == 2 * x5', 'x5 == x4 + x2']
18:40:05|INFO   |cube.constraint.x6eq2mx5&x5eqx4px2| n_max: 36, max_depth: 10
18:40:05|INFO   |cube.constraint.x6eq2mx5&x5eqx4px2| ================================================================================
18:40:05|INFO   |cube.constraint.x6eq2mx5&x5eqx4px2| Solver ID: x6eq2mx5&x5eqx4px2_0
18:40:05|INFO   |cube.constraint.x6eq2mx5&x5eqx4px2| Initial solver is satisfiable
18:40:05|INFO   |cube.constraint.x6eq2mx5&x5eqx4px2| Optimizer initialized with n_max=36
18:40:05|INFO   |cube.constraint.x6eq2mx5&x5eqx4px2| Starting recursive processing...
18:40:05|ERROR  |cube.constraint.x6eq2mx5&x5eqx4px2| ❌ Error in solve_constraints: nmax is 2, cannot extend further
18:40:05|ERROR  |cube.constraint.x6eq2mx5&x5eqx4px2| Traceback (most recent call last):
  File "e:\vscode_workplace\cube\main.py", line 462, in solve
    success_solvers = process_solver(
        initial_solver, opt, depth=0, max_depth=max_depth, solver_id=solver_id
    )
  File "e:\vscode_workplace\cube\main.py", line 350, in process_solver
    raise ValueError("nmax is 2, cannot extend further")
ValueError: nmax is 2, cannot extend further

18:40:05|ERROR  |batch_solve    | ❌ Group 1 ERROR: nmax is 2, cannot extend further
18:40:05|INFO   |batch_solve    | 
================================================================================
18:40:05|INFO   |batch_solve    | 📋 Processing constraint group 2/2
18:40:05|INFO   |batch_solve    | ================================================================================
18:40:05|INFO   |cube.constraint.x6eq2mx5&x5eqx4px3| Constraint logger initialized: x6eq2mx5&x5eqx4px3
18:40:05|INFO   |cube.constraint.x6eq2mx5&x5eqx4px3| ================================================================================
18:40:05|INFO   |cube.constraint.x6eq2mx5&x5eqx4px3| Starting solve_constraints
18:40:05|INFO   |cube.constraint.x6eq2mx5&x5eqx4px3| Constraints: ['x6 == 2 * x5', 'x5 == x4 + x3']
18:40:05|INFO   |cube.constraint.x6eq2mx5&x5eqx4px3| n_max: 36, max_depth: 10
18:40:05|INFO   |cube.constraint.x6eq2mx5&x5eqx4px3| ================================================================================
18:40:05|INFO   |cube.constraint.x6eq2mx5&x5eqx4px3| Solver ID: x6eq2mx5&x5eqx4px3_0
18:40:05|INFO   |cube.constraint.x6eq2mx5&x5eqx4px3| Initial solver is satisfiable
18:40:05|INFO   |cube.constraint.x6eq2mx5&x5eqx4px3| Optimizer initialized with n_max=36
18:40:05|INFO   |cube.constraint.x6eq2mx5&x5eqx4px3| Starting recursive processing...
18:40:05|INFO   |cube.constraint.x6eq2mx5&x5eqx4px3| ================================================================================
18:40:05|INFO   |cube.constraint.x6eq2mx5&x5eqx4px3| solve_constraints completed
18:40:05|INFO   |cube.constraint.x6eq2mx5&x5eqx4px3| Status: failed
18:40:05|INFO   |cube.constraint.x6eq2mx5&x5eqx4px3| Total success solvers: 0
18:40:05|INFO   |cube.constraint.x6eq2mx5&x5eqx4px3| ================================================================================
18:40:05|WARNING|cube.constraint.x6eq2mx5&x5eqx4px3| ⚠️ No valid solutions found
18:40:05|WARNING|batch_solve    | ⚠️ Group 2 FAILED: None
18:40:05|INFO   |batch_solve    | 
================================================================================
18:40:05|INFO   |batch_solve    | 📊 Batch Processing Summary
18:40:05|INFO   |batch_solve    | ================================================================================
18:40:05|INFO   |batch_solve    | Total groups processed: 2/2
18:40:05|INFO   |batch_solve    | ✅ Success: 0
18:40:05|INFO   |batch_solve    | ⚠️ Failed (no solutions): 1
18:40:05|INFO   |batch_solve    | ❌ Error: 1
18:40:05|INFO   |batch_solve    | 🎯 Total solutions found: 0
18:40:05|INFO   |batch_solve    | ================================================================================
18:40:05|INFO   |batch_solve    | 
Detailed Results:
18:40:05|INFO   |batch_solve    | --------------------------------------------------------------------------------
18:40:05|INFO   |batch_solve    | No.   Solver ID                      Status     Solutions 
18:40:05|INFO   |batch_solve    | --------------------------------------------------------------------------------
18:40:05|INFO   |batch_solve    | 1     x6eq2mx5&x5eqx4px2_0           error      0         
18:40:05|INFO   |batch_solve    | 2     x6eq2mx5&x5eqx4px3_0           failed     0         
18:40:05|INFO   |batch_solve    | ================================================================================
