19:57:41|CRITICAL|cube.constraint.x6eq2mx5&x5...|process_solver      | ----------------------------------------
19:57:41|CRITICAL|cube.constraint.x6eq2mx5&x5...|process_solver      | Partition [1/3] (ID: x6eq2mx5&x5eqx4px2_0.0, i_min=4)
19:57:41|INFO    |cube.constraint.x6eq2mx5&x5...|process_solver      | ----------------------------------------
19:57:41|INFO    |cube.constraint.x6eq2mx5&x5...|log_assertions      | ========================================
19:57:41|INFO    |cube.constraint.x6eq2mx5&x5...|log_assertions      | Partition x6eq2mx5&x5eqx4px2_0.0 Solver Assertions:
19:57:41|INFO    |cube.constraint.x6eq2mx5&x5...|log_assertions      | ========================================
19:57:41|INFO    |cube.constraint.x6eq2mx5&x5...|log_assertions      |   [1] x6 > x5
19:57:41|INFO    |cube.constraint.x6eq2mx5&x5...|log_assertions      |   [2] x5 > x4
19:57:41|INFO    |cube.constraint.x6eq2mx5&x5...|log_assertions      |   [3] x4 > x3
19:57:41|INFO    |cube.constraint.x6eq2mx5&x5...|log_assertions      |   [4] x3 > x2
19:57:41|INFO    |cube.constraint.x6eq2mx5&x5...|log_assertions      |   [5] x2 > x1
19:57:41|INFO    |cube.constraint.x6eq2mx5&x5...|log_assertions      |   [6] x1 > 0
19:57:41|INFO    |cube.constraint.x6eq2mx5&x5...|log_assertions      |   [7] x6 == 2*x5
19:57:41|INFO    |cube.constraint.x6eq2mx5&x5...|log_assertions      |   [8] x5 == x4 + x2
19:57:41|INFO    |cube.constraint.x6eq2mx5&x5...|log_assertions      |   [9] And(Not(x6 - x4*3 > 0), Not(x6 == x4*3))
19:57:41|INFO    |cube.constraint.x6eq2mx5&x5...|log_assertions      | ========================================
19:57:41|INFO    |cube.constraint.x6eq2mx5&x5...|log_members         | ========================================
19:57:41|INFO    |cube.constraint.x6eq2mx5&x5...|log_members         | Partition x6eq2mx5&x5eqx4px2_0.0 Members (6 total):
19:57:41|INFO    |cube.constraint.x6eq2mx5&x5...|log_members         | ========================================
19:57:41|INFO    |cube.constraint.x6eq2mx5&x5...|log_members         |   [0] =: x6 == x5*2
19:57:41|INFO    |cube.constraint.x6eq2mx5&x5...|log_members         |   [1] >: x6 - (x5*1 + x4*1) > 0
19:57:41|INFO    |cube.constraint.x6eq2mx5&x5...|log_members         |   [2] >: x6 - x5*1 > 0
19:57:41|INFO    |cube.constraint.x6eq2mx5&x5...|log_members         |   [3] >: x6 - x4*2 > 0
19:57:41|INFO    |cube.constraint.x6eq2mx5&x5...|log_members         |   [4] >: x6 - x4*1 > 0
19:57:41|INFO    |cube.constraint.x6eq2mx5&x5...|log_members         |   [5] >: x6 - 0 > 0
19:57:41|INFO    |cube.constraint.x6eq2mx5&x5...|log_members         | ========================================
19:57:41|INFO    |cube.constraint.x6eq2mx5&x5...|process_solver      | ..............................
19:57:41|INFO    |cube.constraint.x6eq2mx5&x5...|process_solver      | [n=1] Starting analysis
19:57:41|INFO    |cube.constraint.x6eq2mx5&x5...|process_solver      | ..............................
19:57:41|INFO    |cube.constraint.x6eq2mx5&x5...|log_LHS             | Partition x6eq2mx5&x5eqx4px2_0.0: When n = 1, x_4 > 1 * x_3 :
19:57:41|INFO    |cube.constraint.x6eq2mx5&x5...|log_LHS             |   [1] : x6 - x5*2 = 0 * x_3
19:57:41|INFO    |cube.constraint.x6eq2mx5&x5...|log_LHS             |   [2] : x6 - (x5*1 + x4*1) > 0 * x_3
19:57:41|INFO    |cube.constraint.x6eq2mx5&x5...|log_LHS             |   [3] : x6 - x5*1 > 1 * x_3
19:57:41|INFO    |cube.constraint.x6eq2mx5&x5...|log_LHS             |   [4] : x6 - x4*2 > 0 * x_3
19:57:41|INFO    |cube.constraint.x6eq2mx5&x5...|log_LHS             |   [5] : x6 - x4*1 > 1 * x_3
19:57:41|INFO    |cube.constraint.x6eq2mx5&x5...|log_LHS             |   [6] : x6 - 0 > 2 * x_3
19:57:41|INFO    |cube.constraint.x6eq2mx5&x5...|log_LHS             | ----------------------------------------
19:57:41|INFO    |cube.constraint.x6eq2mx5&x5...|process_solver      | Optimizing with method=pulp
19:57:41|INFO    |cube.constraint.x6eq2mx5&x5...|optimize            | Starting optimization...
19:57:41|INFO    |cube.constraint.x6eq2mx5&x5...|optimize            |  lower bound: 0.1205213_6 (> 0.11052411_6)
19:57:41|INFO    |cube.constraint.x6eq2mx5&x5...|optimize            |  upper bound: 0.15253_6 (> 0.11052411_6)
19:57:41|INFO    |cube.constraint.x6eq2mx5&x5...|optimize            | ----------------------------------------
19:57:41|INFO    |cube.constraint.x6eq2mx5&x5...|log_result          | Optimization result:
19:57:41|INFO    |cube.constraint.x6eq2mx5&x5...|log_result          |  status: extend
19:57:41|INFO    |cube.constraint.x6eq2mx5&x5...|log_result          |  result: ['0.1205213_6', '0.15253_6']
19:57:41|INFO    |cube.constraint.x6eq2mx5&x5...|log_result          |  details: n=1 too small
19:57:41|INFO    |cube.constraint.x6eq2mx5&x5...|log_result          | ----------------------------------------
19:57:41|INFO    |cube.constraint.x6eq2mx5&x5...|process_solver      | Status: extend
19:57:41|CRITICAL|cube.constraint.x6eq2mx5&x5...|process_solver      | 🔄 Need to extend to larger n
