2025-11-27 16:51:08 | INFO    | cube | Batch log: E:\vscode_workplace\cube\logs\20251127_165108\batch_main.log
2025-11-27 16:51:08 | INFO    | cube | Batch log: E:\vscode_workplace\cube\logs\20251127_165108\batch_main.log
2025-11-27 16:51:08 | INFO    | cube | Batch log: E:\vscode_workplace\cube\logs\20251127_165108\batch_main.log
2025-11-27 16:51:08 | INFO    | cube | ================================================================================
2025-11-27 16:51:08 | INFO    | cube | 🚀 Starting batch_solve_constraints
2025-11-27 16:51:08 | INFO    | cube | Total constraint groups: 2
2025-11-27 16:51:08 | INFO    | cube | Parameters: n_max=36, max_depth=10, stop_on_error=False
2025-11-27 16:51:08 | INFO    | cube | ================================================================================
2025-11-27 16:51:08 | INFO    | cube | 
================================================================================
2025-11-27 16:51:08 | INFO    | cube | 📋 Processing constraint group 1/2
2025-11-27 16:51:08 | INFO    | cube | ================================================================================
2025-11-27 16:51:08 | INFO    | cube.x6eq2mx5&x5eqx4px2 | Constraint logger initialized: x6eq2mx5&x5eqx4px2
2025-11-27 16:51:08 | INFO    | cube.x6eq2mx5&x5eqx4px2 |   main.log: E:\vscode_workplace\cube\logs\20251127_165108\x6eq2mx5&x5eqx4px2\main.log
2025-11-27 16:51:08 | INFO    | cube.x6eq2mx5&x5eqx4px2 |   errors.log: E:\vscode_workplace\cube\logs\20251127_165108\x6eq2mx5&x5eqx4px2\errors.log
2025-11-27 16:51:08 | INFO    | cube.x6eq2mx5&x5eqx4px2 | ================================================================================
2025-11-27 16:51:08 | INFO    | cube.x6eq2mx5&x5eqx4px2 | Starting solve_constraints
2025-11-27 16:51:08 | INFO    | cube.x6eq2mx5&x5eqx4px2 | Constraints: ['x6 == 2 * x5', 'x5 == x4 + x2']
2025-11-27 16:51:08 | INFO    | cube.x6eq2mx5&x5eqx4px2 | n_max: 36, max_depth: 10
2025-11-27 16:51:08 | INFO    | cube.x6eq2mx5&x5eqx4px2 | ================================================================================
2025-11-27 16:51:08 | INFO    | cube.x6eq2mx5&x5eqx4px2 | Solver ID: x6eq2mx5&x5eqx4px2_0
2025-11-27 16:51:08 | INFO    | cube.x6eq2mx5&x5eqx4px2 | Initial solver is satisfiable
2025-11-27 16:51:08 | INFO    | cube.x6eq2mx5&x5eqx4px2 | Optimizer initialized with n_max=36
2025-11-27 16:51:08 | INFO    | cube.x6eq2mx5&x5eqx4px2 | Starting recursive processing...
2025-11-27 16:51:08 | DEBUG   | cube.x6eq2mx5&x5eqx4px2.solver.x6eq2mx5&x5eqx4px2_0 | Solver logger initialized: x6eq2mx5&x5eqx4px2_0
2025-11-27 16:51:08 | INFO    | cube.x6eq2mx5&x5eqx4px2.solver.x6eq2mx5&x5eqx4px2_0 | Solver x6eq2mx5&x5eqx4px2_0 initialized
2025-11-27 16:51:08 | INFO    | cube | ========================================
2025-11-27 16:51:08 | INFO    | cube | [Depth 0] Processing solver (ID: x6eq2mx5&x5eqx4px2_0)
2025-11-27 16:51:08 | INFO    | cube | ========================================
2025-11-27 16:51:08 | INFO    | cube.x6eq2mx5&x5eqx4px2.solver.x6eq2mx5&x5eqx4px2_0 | ========================================
2025-11-27 16:51:08 | INFO    | cube.x6eq2mx5&x5eqx4px2.solver.x6eq2mx5&x5eqx4px2_0 | Solver x6eq2mx5&x5eqx4px2_0 Assertions:
2025-11-27 16:51:08 | INFO    | cube.x6eq2mx5&x5eqx4px2.solver.x6eq2mx5&x5eqx4px2_0 | ========================================
2025-11-27 16:51:08 | INFO    | cube.x6eq2mx5&x5eqx4px2.solver.x6eq2mx5&x5eqx4px2_0 |   [1] x6 > x5
2025-11-27 16:51:08 | INFO    | cube.x6eq2mx5&x5eqx4px2.solver.x6eq2mx5&x5eqx4px2_0 |   [2] x5 > x4
2025-11-27 16:51:08 | INFO    | cube.x6eq2mx5&x5eqx4px2.solver.x6eq2mx5&x5eqx4px2_0 |   [3] x4 > x3
2025-11-27 16:51:08 | INFO    | cube.x6eq2mx5&x5eqx4px2.solver.x6eq2mx5&x5eqx4px2_0 |   [4] x3 > x2
2025-11-27 16:51:08 | INFO    | cube.x6eq2mx5&x5eqx4px2.solver.x6eq2mx5&x5eqx4px2_0 |   [5] x2 > x1
2025-11-27 16:51:08 | INFO    | cube.x6eq2mx5&x5eqx4px2.solver.x6eq2mx5&x5eqx4px2_0 |   [6] x1 > 0
2025-11-27 16:51:08 | INFO    | cube.x6eq2mx5&x5eqx4px2.solver.x6eq2mx5&x5eqx4px2_0 |   [7] x6 == 2*x5
2025-11-27 16:51:08 | INFO    | cube.x6eq2mx5&x5eqx4px2.solver.x6eq2mx5&x5eqx4px2_0 |   [8] x5 == x4 + x2
2025-11-27 16:51:08 | INFO    | cube.x6eq2mx5&x5eqx4px2.solver.x6eq2mx5&x5eqx4px2_0 | ========================================
2025-11-27 16:51:08 | INFO    | cube.smt | Solver None 开始分解...
2025-11-27 16:51:08 | INFO    | cube.smt | Solver None 分解完成: 生成 3 个Partitions, i_min=4
2025-11-27 16:51:08 | DEBUG   | cube.x6eq2mx5&x5eqx4px2.partition.x6eq2mx5&x5eqx4px2_0.0 | Partition logger initialized: x6eq2mx5&x5eqx4px2_0.0
2025-11-27 16:51:08 | INFO    | cube.x6eq2mx5&x5eqx4px2.partition.x6eq2mx5&x5eqx4px2_0.0 | Partition x6eq2mx5&x5eqx4px2_0.0 initialized (i_min=4)
2025-11-27 16:51:08 | INFO    | cube | ----------------------------------------
2025-11-27 16:51:08 | INFO    | cube | Partition [1/3] (ID: x6eq2mx5&x5eqx4px2_0.0, i_min=4)
2025-11-27 16:51:08 | INFO    | cube | ----------------------------------------
2025-11-27 16:51:08 | INFO    | cube.x6eq2mx5&x5eqx4px2.partition.x6eq2mx5&x5eqx4px2_0.0 | ========================================
2025-11-27 16:51:08 | INFO    | cube.x6eq2mx5&x5eqx4px2.partition.x6eq2mx5&x5eqx4px2_0.0 | Partition x6eq2mx5&x5eqx4px2_0.0 Solver Assertions:
2025-11-27 16:51:08 | INFO    | cube.x6eq2mx5&x5eqx4px2.partition.x6eq2mx5&x5eqx4px2_0.0 | ========================================
2025-11-27 16:51:08 | INFO    | cube.x6eq2mx5&x5eqx4px2.partition.x6eq2mx5&x5eqx4px2_0.0 |   [1] x6 > x5
2025-11-27 16:51:08 | INFO    | cube.x6eq2mx5&x5eqx4px2.partition.x6eq2mx5&x5eqx4px2_0.0 |   [2] x5 > x4
2025-11-27 16:51:08 | INFO    | cube.x6eq2mx5&x5eqx4px2.partition.x6eq2mx5&x5eqx4px2_0.0 |   [3] x4 > x3
2025-11-27 16:51:08 | INFO    | cube.x6eq2mx5&x5eqx4px2.partition.x6eq2mx5&x5eqx4px2_0.0 |   [4] x3 > x2
2025-11-27 16:51:08 | INFO    | cube.x6eq2mx5&x5eqx4px2.partition.x6eq2mx5&x5eqx4px2_0.0 |   [5] x2 > x1
2025-11-27 16:51:08 | INFO    | cube.x6eq2mx5&x5eqx4px2.partition.x6eq2mx5&x5eqx4px2_0.0 |   [6] x1 > 0
2025-11-27 16:51:08 | INFO    | cube.x6eq2mx5&x5eqx4px2.partition.x6eq2mx5&x5eqx4px2_0.0 |   [7] x6 == 2*x5
2025-11-27 16:51:08 | INFO    | cube.x6eq2mx5&x5eqx4px2.partition.x6eq2mx5&x5eqx4px2_0.0 |   [8] x5 == x4 + x2
2025-11-27 16:51:08 | INFO    | cube.x6eq2mx5&x5eqx4px2.partition.x6eq2mx5&x5eqx4px2_0.0 |   [9] And(Not(x6 - x4*3 > 0), Not(x6 == x4*3))
2025-11-27 16:51:08 | INFO    | cube.x6eq2mx5&x5eqx4px2.partition.x6eq2mx5&x5eqx4px2_0.0 | ========================================
2025-11-27 16:51:08 | INFO    | cube.x6eq2mx5&x5eqx4px2.partition.x6eq2mx5&x5eqx4px2_0.0 | ========================================
2025-11-27 16:51:08 | INFO    | cube.x6eq2mx5&x5eqx4px2.partition.x6eq2mx5&x5eqx4px2_0.0 | Partition x6eq2mx5&x5eqx4px2_0.0 Members (6 total):
2025-11-27 16:51:08 | INFO    | cube.x6eq2mx5&x5eqx4px2.partition.x6eq2mx5&x5eqx4px2_0.0 | ========================================
2025-11-27 16:51:08 | INFO    | cube.x6eq2mx5&x5eqx4px2.partition.x6eq2mx5&x5eqx4px2_0.0 |   [0] =: x6 == x5*2
2025-11-27 16:51:08 | INFO    | cube.x6eq2mx5&x5eqx4px2.partition.x6eq2mx5&x5eqx4px2_0.0 |   [1] >: x6 - (x5*1 + x4*1) > 0
2025-11-27 16:51:08 | INFO    | cube.x6eq2mx5&x5eqx4px2.partition.x6eq2mx5&x5eqx4px2_0.0 |   [2] >: x6 - x5*1 > 0
2025-11-27 16:51:08 | INFO    | cube.x6eq2mx5&x5eqx4px2.partition.x6eq2mx5&x5eqx4px2_0.0 |   [3] >: x6 - x4*2 > 0
2025-11-27 16:51:08 | INFO    | cube.x6eq2mx5&x5eqx4px2.partition.x6eq2mx5&x5eqx4px2_0.0 |   [4] >: x6 - x4*1 > 0
2025-11-27 16:51:08 | INFO    | cube.x6eq2mx5&x5eqx4px2.partition.x6eq2mx5&x5eqx4px2_0.0 |   [5] >: x6 - 0 > 0
2025-11-27 16:51:08 | INFO    | cube.x6eq2mx5&x5eqx4px2.partition.x6eq2mx5&x5eqx4px2_0.0 | ========================================
2025-11-27 16:51:08 | INFO    | cube | ..............................
2025-11-27 16:51:08 | INFO    | cube | [n=1] Starting analysis
2025-11-27 16:51:08 | INFO    | cube | ..............................
2025-11-27 16:51:08 | INFO    | cube.partition | Partition x6eq2mx5&x5eqx4px2_0.0: When n = 1, x_4 > 1 * x_3 :
2025-11-27 16:51:08 | INFO    | cube.partition |   [1] : x6 - x5*2 = 0 * x_3
2025-11-27 16:51:08 | INFO    | cube.partition |   [2] : x6 - (x5*1 + x4*1) > 0 * x_3
2025-11-27 16:51:08 | INFO    | cube.partition |   [3] : x6 - x5*1 > 1 * x_3
2025-11-27 16:51:08 | INFO    | cube.partition |   [4] : x6 - x4*2 > 0 * x_3
2025-11-27 16:51:08 | INFO    | cube.partition |   [5] : x6 - x4*1 > 1 * x_3
2025-11-27 16:51:08 | INFO    | cube.partition |   [6] : x6 - 0 > 2 * x_3
2025-11-27 16:51:08 | INFO    | cube.partition | ----------------------------------------
2025-11-27 16:51:08 | INFO    | cube | Optimizing with method=pulp
2025-11-27 16:51:08 | INFO    | cube.optim | Starting optimization...
2025-11-27 16:51:08 | INFO    | cube.optim |  lower bound: 0.1205213_6 (> 0.11052411_6)
2025-11-27 16:51:08 | INFO    | cube.optim |  upper bound: 0.15253_6 (> 0.11052411_6)
2025-11-27 16:51:08 | INFO    | cube.optim | ----------------------------------------
2025-11-27 16:51:08 | INFO    | cube.optim | Optimization result:
2025-11-27 16:51:08 | INFO    | cube.optim |  status: extend
2025-11-27 16:51:08 | INFO    | cube.optim |  result: ['0.1205213_6', '0.15253_6']
2025-11-27 16:51:08 | INFO    | cube.optim |  details: n=1 too small
2025-11-27 16:51:08 | INFO    | cube.optim | ----------------------------------------
2025-11-27 16:51:08 | INFO    | cube | Status: extend
2025-11-27 16:51:08 | INFO    | cube | 🔄 Need to extend to larger n
2025-11-27 16:51:08 | ERROR   | cube.x6eq2mx5&x5eqx4px2 | ❌ Error in solve_constraints: nmax is 2, cannot extend further
2025-11-27 16:51:08 | ERROR   | cube.x6eq2mx5&x5eqx4px2 | Traceback (most recent call last):
  File "e:\vscode_workplace\cube\main.py", line 460, in solve
    success_solvers = process_solver(
        initial_solver, opt, depth=0, max_depth=max_depth, solver_id=solver_id
    )
  File "e:\vscode_workplace\cube\main.py", line 348, in process_solver
    raise ValueError("nmax is 2, cannot extend further")
ValueError: nmax is 2, cannot extend further

2025-11-27 16:51:08 | ERROR   | cube | ❌ Group 1 ERROR: nmax is 2, cannot extend further
2025-11-27 16:51:08 | INFO    | cube | 
================================================================================
2025-11-27 16:51:08 | INFO    | cube | 📋 Processing constraint group 2/2
2025-11-27 16:51:08 | INFO    | cube | ================================================================================
2025-11-27 16:51:08 | INFO    | cube.x6eq2mx5&x5eqx4px3 | Constraint logger initialized: x6eq2mx5&x5eqx4px3
2025-11-27 16:51:08 | INFO    | cube.x6eq2mx5&x5eqx4px3 |   main.log: E:\vscode_workplace\cube\logs\20251127_165108\x6eq2mx5&x5eqx4px3\main.log
2025-11-27 16:51:08 | INFO    | cube.x6eq2mx5&x5eqx4px3 |   errors.log: E:\vscode_workplace\cube\logs\20251127_165108\x6eq2mx5&x5eqx4px3\errors.log
2025-11-27 16:51:08 | INFO    | cube.x6eq2mx5&x5eqx4px3 | ================================================================================
2025-11-27 16:51:08 | INFO    | cube.x6eq2mx5&x5eqx4px3 | Starting solve_constraints
2025-11-27 16:51:08 | INFO    | cube.x6eq2mx5&x5eqx4px3 | Constraints: ['x6 == 2 * x5', 'x5 == x4 + x3']
2025-11-27 16:51:08 | INFO    | cube.x6eq2mx5&x5eqx4px3 | n_max: 36, max_depth: 10
2025-11-27 16:51:08 | INFO    | cube.x6eq2mx5&x5eqx4px3 | ================================================================================
2025-11-27 16:51:08 | INFO    | cube.x6eq2mx5&x5eqx4px3 | Solver ID: x6eq2mx5&x5eqx4px3_0
2025-11-27 16:51:08 | INFO    | cube.x6eq2mx5&x5eqx4px3 | Initial solver is satisfiable
2025-11-27 16:51:08 | INFO    | cube.x6eq2mx5&x5eqx4px3 | Optimizer initialized with n_max=36
2025-11-27 16:51:08 | INFO    | cube.x6eq2mx5&x5eqx4px3 | Starting recursive processing...
2025-11-27 16:51:08 | DEBUG   | cube.x6eq2mx5&x5eqx4px3.solver.x6eq2mx5&x5eqx4px3_0 | Solver logger initialized: x6eq2mx5&x5eqx4px3_0
2025-11-27 16:51:08 | INFO    | cube.x6eq2mx5&x5eqx4px3.solver.x6eq2mx5&x5eqx4px3_0 | Solver x6eq2mx5&x5eqx4px3_0 initialized
2025-11-27 16:51:08 | INFO    | cube | ========================================
2025-11-27 16:51:08 | INFO    | cube | [Depth 0] Processing solver (ID: x6eq2mx5&x5eqx4px3_0)
2025-11-27 16:51:08 | INFO    | cube | ========================================
2025-11-27 16:51:08 | INFO    | cube.x6eq2mx5&x5eqx4px3.solver.x6eq2mx5&x5eqx4px3_0 | ========================================
2025-11-27 16:51:08 | INFO    | cube.x6eq2mx5&x5eqx4px3.solver.x6eq2mx5&x5eqx4px3_0 | Solver x6eq2mx5&x5eqx4px3_0 Assertions:
2025-11-27 16:51:08 | INFO    | cube.x6eq2mx5&x5eqx4px3.solver.x6eq2mx5&x5eqx4px3_0 | ========================================
2025-11-27 16:51:08 | INFO    | cube.x6eq2mx5&x5eqx4px3.solver.x6eq2mx5&x5eqx4px3_0 |   [1] x6 > x5
2025-11-27 16:51:08 | INFO    | cube.x6eq2mx5&x5eqx4px3.solver.x6eq2mx5&x5eqx4px3_0 |   [2] x5 > x4
2025-11-27 16:51:08 | INFO    | cube.x6eq2mx5&x5eqx4px3.solver.x6eq2mx5&x5eqx4px3_0 |   [3] x4 > x3
2025-11-27 16:51:08 | INFO    | cube.x6eq2mx5&x5eqx4px3.solver.x6eq2mx5&x5eqx4px3_0 |   [4] x3 > x2
2025-11-27 16:51:08 | INFO    | cube.x6eq2mx5&x5eqx4px3.solver.x6eq2mx5&x5eqx4px3_0 |   [5] x2 > x1
2025-11-27 16:51:08 | INFO    | cube.x6eq2mx5&x5eqx4px3.solver.x6eq2mx5&x5eqx4px3_0 |   [6] x1 > 0
2025-11-27 16:51:08 | INFO    | cube.x6eq2mx5&x5eqx4px3.solver.x6eq2mx5&x5eqx4px3_0 |   [7] x6 == 2*x5
2025-11-27 16:51:08 | INFO    | cube.x6eq2mx5&x5eqx4px3.solver.x6eq2mx5&x5eqx4px3_0 |   [8] x5 == x4 + x3
2025-11-27 16:51:08 | INFO    | cube.x6eq2mx5&x5eqx4px3.solver.x6eq2mx5&x5eqx4px3_0 | ========================================
2025-11-27 16:51:08 | INFO    | cube.smt | Solver None 开始分解...
2025-11-27 16:51:08 | INFO    | cube.smt | Solver None 分解完成: 生成 3 个Partitions, i_min=4
2025-11-27 16:51:08 | DEBUG   | cube.x6eq2mx5&x5eqx4px3.partition.x6eq2mx5&x5eqx4px3_0.0 | Partition logger initialized: x6eq2mx5&x5eqx4px3_0.0
2025-11-27 16:51:08 | INFO    | cube.x6eq2mx5&x5eqx4px3.partition.x6eq2mx5&x5eqx4px3_0.0 | Partition x6eq2mx5&x5eqx4px3_0.0 initialized (i_min=4)
2025-11-27 16:51:08 | INFO    | cube | ----------------------------------------
2025-11-27 16:51:08 | INFO    | cube | Partition [1/3] (ID: x6eq2mx5&x5eqx4px3_0.0, i_min=4)
2025-11-27 16:51:08 | INFO    | cube | ----------------------------------------
2025-11-27 16:51:08 | INFO    | cube.x6eq2mx5&x5eqx4px3.partition.x6eq2mx5&x5eqx4px3_0.0 | ========================================
2025-11-27 16:51:08 | INFO    | cube.x6eq2mx5&x5eqx4px3.partition.x6eq2mx5&x5eqx4px3_0.0 | Partition x6eq2mx5&x5eqx4px3_0.0 Solver Assertions:
2025-11-27 16:51:08 | INFO    | cube.x6eq2mx5&x5eqx4px3.partition.x6eq2mx5&x5eqx4px3_0.0 | ========================================
2025-11-27 16:51:08 | INFO    | cube.x6eq2mx5&x5eqx4px3.partition.x6eq2mx5&x5eqx4px3_0.0 |   [1] x6 > x5
2025-11-27 16:51:08 | INFO    | cube.x6eq2mx5&x5eqx4px3.partition.x6eq2mx5&x5eqx4px3_0.0 |   [2] x5 > x4
2025-11-27 16:51:08 | INFO    | cube.x6eq2mx5&x5eqx4px3.partition.x6eq2mx5&x5eqx4px3_0.0 |   [3] x4 > x3
2025-11-27 16:51:08 | INFO    | cube.x6eq2mx5&x5eqx4px3.partition.x6eq2mx5&x5eqx4px3_0.0 |   [4] x3 > x2
2025-11-27 16:51:08 | INFO    | cube.x6eq2mx5&x5eqx4px3.partition.x6eq2mx5&x5eqx4px3_0.0 |   [5] x2 > x1
2025-11-27 16:51:08 | INFO    | cube.x6eq2mx5&x5eqx4px3.partition.x6eq2mx5&x5eqx4px3_0.0 |   [6] x1 > 0
2025-11-27 16:51:08 | INFO    | cube.x6eq2mx5&x5eqx4px3.partition.x6eq2mx5&x5eqx4px3_0.0 |   [7] x6 == 2*x5
2025-11-27 16:51:08 | INFO    | cube.x6eq2mx5&x5eqx4px3.partition.x6eq2mx5&x5eqx4px3_0.0 |   [8] x5 == x4 + x3
2025-11-27 16:51:08 | INFO    | cube.x6eq2mx5&x5eqx4px3.partition.x6eq2mx5&x5eqx4px3_0.0 |   [9] And(Not(x6 - x4*3 > 0), Not(x6 == x4*3))
2025-11-27 16:51:08 | INFO    | cube.x6eq2mx5&x5eqx4px3.partition.x6eq2mx5&x5eqx4px3_0.0 | ========================================
2025-11-27 16:51:08 | INFO    | cube.x6eq2mx5&x5eqx4px3.partition.x6eq2mx5&x5eqx4px3_0.0 | ========================================
2025-11-27 16:51:08 | INFO    | cube.x6eq2mx5&x5eqx4px3.partition.x6eq2mx5&x5eqx4px3_0.0 | Partition x6eq2mx5&x5eqx4px3_0.0 Members (6 total):
2025-11-27 16:51:08 | INFO    | cube.x6eq2mx5&x5eqx4px3.partition.x6eq2mx5&x5eqx4px3_0.0 | ========================================
2025-11-27 16:51:08 | INFO    | cube.x6eq2mx5&x5eqx4px3.partition.x6eq2mx5&x5eqx4px3_0.0 |   [0] =: x6 == x5*2
2025-11-27 16:51:08 | INFO    | cube.x6eq2mx5&x5eqx4px3.partition.x6eq2mx5&x5eqx4px3_0.0 |   [1] >: x6 - (x5*1 + x4*1) > 0
2025-11-27 16:51:08 | INFO    | cube.x6eq2mx5&x5eqx4px3.partition.x6eq2mx5&x5eqx4px3_0.0 |   [2] >: x6 - x5*1 > 0
2025-11-27 16:51:08 | INFO    | cube.x6eq2mx5&x5eqx4px3.partition.x6eq2mx5&x5eqx4px3_0.0 |   [3] >: x6 - x4*2 > 0
2025-11-27 16:51:08 | INFO    | cube.x6eq2mx5&x5eqx4px3.partition.x6eq2mx5&x5eqx4px3_0.0 |   [4] >: x6 - x4*1 > 0
2025-11-27 16:51:08 | INFO    | cube.x6eq2mx5&x5eqx4px3.partition.x6eq2mx5&x5eqx4px3_0.0 |   [5] >: x6 - 0 > 0
2025-11-27 16:51:08 | INFO    | cube.x6eq2mx5&x5eqx4px3.partition.x6eq2mx5&x5eqx4px3_0.0 | ========================================
2025-11-27 16:51:08 | INFO    | cube | ..............................
2025-11-27 16:51:08 | INFO    | cube | [n=1] Starting analysis
2025-11-27 16:51:08 | INFO    | cube | ..............................
2025-11-27 16:51:08 | INFO    | cube.optim | Breaking down: x6 - (x5*1 + x4*1) = 1 * x_3
2025-11-27 16:51:08 | INFO    | cube.optim | Breakdown complete: 2 items
2025-11-27 16:51:08 | INFO    | cube.optim | Breaking down: x6 - x4*2 = 2 * x_3
2025-11-27 16:51:08 | INFO    | cube.optim | Breakdown complete: 3 items
2025-11-27 16:51:08 | INFO    | cube.partition | Partition x6eq2mx5&x5eqx4px3_0.0: When n = 1, x_4 > 1 * x_3 :
2025-11-27 16:51:08 | INFO    | cube.partition |   [1] : x6 - x5*2 = 0 * x_3
2025-11-27 16:51:08 | INFO    | cube.partition |   [2] : x6 - (x5*1 + x4*1) = 1 * x_3
2025-11-27 16:51:08 | INFO    | cube.partition |     > [1] : x6 - (x5*1 + x4*1) - 1*x3 = 0 * x_2
2025-11-27 16:51:08 | INFO    | cube.partition |     > [2] : x6 - (x5*1 + x4*1) - 0*x3 > 1 * x_2
2025-11-27 16:51:08 | INFO    | cube.partition |   [3] : x6 - x5*1 > 3 * x_3
2025-11-27 16:51:08 | INFO    | cube.partition |   [4] : x6 - x4*2 = 2 * x_3
2025-11-27 16:51:08 | INFO    | cube.partition |     > [1] : x6 - x4*2 - 2*x3 = 0 * x_2
2025-11-27 16:51:08 | INFO    | cube.partition |     > [2] : x6 - x4*2 - 1*x3 > 1 * x_2
2025-11-27 16:51:08 | INFO    | cube.partition |     > [3] : x6 - x4*2 - 0*x3 > 2 * x_2
2025-11-27 16:51:08 | INFO    | cube.partition |   [5] : x6 - x4*1 > 4 * x_3
2025-11-27 16:51:08 | INFO    | cube.partition |   [6] : x6 - 0 > 6 * x_3
2025-11-27 16:51:08 | INFO    | cube.partition | ----------------------------------------
2025-11-27 16:51:08 | INFO    | cube | Optimizing with method=pulp
2025-11-27 16:51:08 | INFO    | cube.optim | Starting optimization...
2025-11-27 16:51:08 | INFO    | cube.optim |  [2] Using breakdown (breakdown=0.0125(20543)_6 < equ=0.0221_6)
2025-11-27 16:51:08 | INFO    | cube.optim |  [4] Using breakdown (breakdown=0.003124_6 < equ=0.0055543_6)
2025-11-27 16:51:08 | INFO    | cube.optim |  lower bound: 0.035454330(20543)_6 (< 0.11052411_6)
2025-11-27 16:51:08 | INFO    | cube.optim |  upper bound: 0.0520415(05432)_6 (< 0.11052411_6)
2025-11-27 16:51:08 | INFO    | cube.optim | ----------------------------------------
2025-11-27 16:51:08 | INFO    | cube.optim | Optimization result:
2025-11-27 16:51:08 | INFO    | cube.optim |  status: pruned
2025-11-27 16:51:08 | INFO    | cube.optim |  result: ['0.035454330(20543)_6', '0.0520415(05432)_6']
2025-11-27 16:51:08 | INFO    | cube.optim |  details: too small, pruned
2025-11-27 16:51:08 | INFO    | cube.optim | ----------------------------------------
2025-11-27 16:51:08 | INFO    | cube | Status: pruned
2025-11-27 16:51:08 | INFO    | cube | ✂️ Pruned
2025-11-27 16:51:08 | DEBUG   | cube.x6eq2mx5&x5eqx4px3.partition.x6eq2mx5&x5eqx4px3_0.1 | Partition logger initialized: x6eq2mx5&x5eqx4px3_0.1
2025-11-27 16:51:08 | INFO    | cube.x6eq2mx5&x5eqx4px3.partition.x6eq2mx5&x5eqx4px3_0.1 | Partition x6eq2mx5&x5eqx4px3_0.1 initialized (i_min=4)
2025-11-27 16:51:08 | INFO    | cube | ----------------------------------------
2025-11-27 16:51:08 | INFO    | cube | Partition [2/3] (ID: x6eq2mx5&x5eqx4px3_0.1, i_min=4)
2025-11-27 16:51:08 | INFO    | cube | ----------------------------------------
2025-11-27 16:51:08 | INFO    | cube.x6eq2mx5&x5eqx4px3.partition.x6eq2mx5&x5eqx4px3_0.1 | ========================================
2025-11-27 16:51:08 | INFO    | cube.x6eq2mx5&x5eqx4px3.partition.x6eq2mx5&x5eqx4px3_0.1 | Partition x6eq2mx5&x5eqx4px3_0.1 Solver Assertions:
2025-11-27 16:51:08 | INFO    | cube.x6eq2mx5&x5eqx4px3.partition.x6eq2mx5&x5eqx4px3_0.1 | ========================================
2025-11-27 16:51:08 | INFO    | cube.x6eq2mx5&x5eqx4px3.partition.x6eq2mx5&x5eqx4px3_0.1 |   [1] x6 > x5
2025-11-27 16:51:08 | INFO    | cube.x6eq2mx5&x5eqx4px3.partition.x6eq2mx5&x5eqx4px3_0.1 |   [2] x5 > x4
2025-11-27 16:51:08 | INFO    | cube.x6eq2mx5&x5eqx4px3.partition.x6eq2mx5&x5eqx4px3_0.1 |   [3] x4 > x3
2025-11-27 16:51:08 | INFO    | cube.x6eq2mx5&x5eqx4px3.partition.x6eq2mx5&x5eqx4px3_0.1 |   [4] x3 > x2
2025-11-27 16:51:08 | INFO    | cube.x6eq2mx5&x5eqx4px3.partition.x6eq2mx5&x5eqx4px3_0.1 |   [5] x2 > x1
2025-11-27 16:51:08 | INFO    | cube.x6eq2mx5&x5eqx4px3.partition.x6eq2mx5&x5eqx4px3_0.1 |   [6] x1 > 0
2025-11-27 16:51:08 | INFO    | cube.x6eq2mx5&x5eqx4px3.partition.x6eq2mx5&x5eqx4px3_0.1 |   [7] x6 == 2*x5
2025-11-27 16:51:08 | INFO    | cube.x6eq2mx5&x5eqx4px3.partition.x6eq2mx5&x5eqx4px3_0.1 |   [8] x5 == x4 + x3
2025-11-27 16:51:08 | INFO    | cube.x6eq2mx5&x5eqx4px3.partition.x6eq2mx5&x5eqx4px3_0.1 |   [9] x6 - x4*3 > 0
2025-11-27 16:51:08 | INFO    | cube.x6eq2mx5&x5eqx4px3.partition.x6eq2mx5&x5eqx4px3_0.1 | ========================================
2025-11-27 16:51:08 | INFO    | cube.x6eq2mx5&x5eqx4px3.partition.x6eq2mx5&x5eqx4px3_0.1 | ========================================
2025-11-27 16:51:08 | INFO    | cube.x6eq2mx5&x5eqx4px3.partition.x6eq2mx5&x5eqx4px3_0.1 | Partition x6eq2mx5&x5eqx4px3_0.1 Members (7 total):
2025-11-27 16:51:08 | INFO    | cube.x6eq2mx5&x5eqx4px3.partition.x6eq2mx5&x5eqx4px3_0.1 | ========================================
2025-11-27 16:51:08 | INFO    | cube.x6eq2mx5&x5eqx4px3.partition.x6eq2mx5&x5eqx4px3_0.1 |   [0] =: x6 == x5*2
2025-11-27 16:51:08 | INFO    | cube.x6eq2mx5&x5eqx4px3.partition.x6eq2mx5&x5eqx4px3_0.1 |   [1] >: x6 - (x5*1 + x4*1) > 0
2025-11-27 16:51:08 | INFO    | cube.x6eq2mx5&x5eqx4px3.partition.x6eq2mx5&x5eqx4px3_0.1 |   [2] >: x6 - x5*1 > 0
2025-11-27 16:51:08 | INFO    | cube.x6eq2mx5&x5eqx4px3.partition.x6eq2mx5&x5eqx4px3_0.1 |   [3] >: x6 - x4*3 > 0
2025-11-27 16:51:08 | INFO    | cube.x6eq2mx5&x5eqx4px3.partition.x6eq2mx5&x5eqx4px3_0.1 |   [4] >: x6 - x4*2 > 0
2025-11-27 16:51:08 | INFO    | cube.x6eq2mx5&x5eqx4px3.partition.x6eq2mx5&x5eqx4px3_0.1 |   [5] >: x6 - x4*1 > 0
2025-11-27 16:51:08 | INFO    | cube.x6eq2mx5&x5eqx4px3.partition.x6eq2mx5&x5eqx4px3_0.1 |   [6] >: x6 - 0 > 0
2025-11-27 16:51:08 | INFO    | cube.x6eq2mx5&x5eqx4px3.partition.x6eq2mx5&x5eqx4px3_0.1 | ========================================
2025-11-27 16:51:08 | INFO    | cube | ..............................
2025-11-27 16:51:08 | INFO    | cube | [n=1] Starting analysis
2025-11-27 16:51:08 | INFO    | cube | ..............................
2025-11-27 16:51:08 | INFO    | cube.optim | Breaking down: x6 - (x5*1 + x4*1) = 1 * x_3
2025-11-27 16:51:08 | INFO    | cube.optim | Breakdown complete: 2 items
2025-11-27 16:51:08 | INFO    | cube.optim | Breaking down: x6 - x4*2 = 2 * x_3
2025-11-27 16:51:08 | INFO    | cube.optim | Breakdown complete: 3 items
2025-11-27 16:51:08 | INFO    | cube.partition | Partition x6eq2mx5&x5eqx4px3_0.1: When n = 1, x_4 > 1 * x_3 :
2025-11-27 16:51:08 | INFO    | cube.partition |   [1] : x6 - x5*2 = 0 * x_3
2025-11-27 16:51:08 | INFO    | cube.partition |   [2] : x6 - (x5*1 + x4*1) = 1 * x_3
2025-11-27 16:51:08 | INFO    | cube.partition |     > [1] : x6 - (x5*1 + x4*1) - 1*x3 = 0 * x_2
2025-11-27 16:51:08 | INFO    | cube.partition |     > [2] : x6 - (x5*1 + x4*1) - 0*x3 > 1 * x_2
2025-11-27 16:51:08 | INFO    | cube.partition |   [3] : x6 - x5*1 > 2 * x_3
2025-11-27 16:51:08 | INFO    | cube.partition |   [4] : x6 - x4*3 > 0 * x_3
2025-11-27 16:51:08 | INFO    | cube.partition |   [5] : x6 - x4*2 = 2 * x_3
2025-11-27 16:51:08 | INFO    | cube.partition |     > [1] : x6 - x4*2 - 2*x3 = 0 * x_2
2025-11-27 16:51:08 | INFO    | cube.partition |     > [2] : x6 - x4*2 - 1*x3 > 1 * x_2
2025-11-27 16:51:08 | INFO    | cube.partition |     > [3] : x6 - x4*2 - 0*x3 > 2 * x_2
2025-11-27 16:51:08 | INFO    | cube.partition |   [6] : x6 - x4*1 > 3 * x_3
2025-11-27 16:51:08 | INFO    | cube.partition |   [7] : x6 - 0 > 4 * x_3
2025-11-27 16:51:08 | INFO    | cube.partition | ----------------------------------------
2025-11-27 16:51:08 | INFO    | cube | Optimizing with method=pulp
2025-11-27 16:51:08 | INFO    | cube.optim | Starting optimization...
2025-11-27 16:51:08 | INFO    | cube.optim |  [2] Using breakdown (breakdown=0.0125(20543)_6 < equ=0.0221_6)
2025-11-27 16:51:08 | INFO    | cube.optim |  [5] Using breakdown (breakdown=0.003124_6 < equ=0.0055543_6)
2025-11-27 16:51:08 | INFO    | cube.optim |  lower bound: 0.050533330(20543)_6 (< 0.11052411_6)
2025-11-27 16:51:08 | INFO    | cube.optim |  upper bound: 0.11044533(54320)_6 (< 0.11052411_6)
2025-11-27 16:51:08 | INFO    | cube.optim | ----------------------------------------
2025-11-27 16:51:08 | INFO    | cube.optim | Optimization result:
2025-11-27 16:51:08 | INFO    | cube.optim |  status: pruned
2025-11-27 16:51:08 | INFO    | cube.optim |  result: ['0.050533330(20543)_6', '0.11044533(54320)_6']
2025-11-27 16:51:08 | INFO    | cube.optim |  details: too small, pruned
2025-11-27 16:51:08 | INFO    | cube.optim | ----------------------------------------
2025-11-27 16:51:08 | INFO    | cube | Status: pruned
2025-11-27 16:51:08 | INFO    | cube | ✂️ Pruned
2025-11-27 16:51:08 | DEBUG   | cube.x6eq2mx5&x5eqx4px3.partition.x6eq2mx5&x5eqx4px3_0.2 | Partition logger initialized: x6eq2mx5&x5eqx4px3_0.2
2025-11-27 16:51:08 | INFO    | cube.x6eq2mx5&x5eqx4px3.partition.x6eq2mx5&x5eqx4px3_0.2 | Partition x6eq2mx5&x5eqx4px3_0.2 initialized (i_min=4)
2025-11-27 16:51:08 | INFO    | cube | ----------------------------------------
2025-11-27 16:51:08 | INFO    | cube | Partition [3/3] (ID: x6eq2mx5&x5eqx4px3_0.2, i_min=4)
2025-11-27 16:51:08 | INFO    | cube | ----------------------------------------
2025-11-27 16:51:08 | INFO    | cube.x6eq2mx5&x5eqx4px3.partition.x6eq2mx5&x5eqx4px3_0.2 | ========================================
2025-11-27 16:51:08 | INFO    | cube.x6eq2mx5&x5eqx4px3.partition.x6eq2mx5&x5eqx4px3_0.2 | Partition x6eq2mx5&x5eqx4px3_0.2 Solver Assertions:
2025-11-27 16:51:08 | INFO    | cube.x6eq2mx5&x5eqx4px3.partition.x6eq2mx5&x5eqx4px3_0.2 | ========================================
2025-11-27 16:51:08 | INFO    | cube.x6eq2mx5&x5eqx4px3.partition.x6eq2mx5&x5eqx4px3_0.2 |   [1] x6 > x5
2025-11-27 16:51:08 | INFO    | cube.x6eq2mx5&x5eqx4px3.partition.x6eq2mx5&x5eqx4px3_0.2 |   [2] x5 > x4
2025-11-27 16:51:08 | INFO    | cube.x6eq2mx5&x5eqx4px3.partition.x6eq2mx5&x5eqx4px3_0.2 |   [3] x4 > x3
2025-11-27 16:51:08 | INFO    | cube.x6eq2mx5&x5eqx4px3.partition.x6eq2mx5&x5eqx4px3_0.2 |   [4] x3 > x2
2025-11-27 16:51:08 | INFO    | cube.x6eq2mx5&x5eqx4px3.partition.x6eq2mx5&x5eqx4px3_0.2 |   [5] x2 > x1
2025-11-27 16:51:08 | INFO    | cube.x6eq2mx5&x5eqx4px3.partition.x6eq2mx5&x5eqx4px3_0.2 |   [6] x1 > 0
2025-11-27 16:51:08 | INFO    | cube.x6eq2mx5&x5eqx4px3.partition.x6eq2mx5&x5eqx4px3_0.2 |   [7] x6 == 2*x5
2025-11-27 16:51:08 | INFO    | cube.x6eq2mx5&x5eqx4px3.partition.x6eq2mx5&x5eqx4px3_0.2 |   [8] x5 == x4 + x3
2025-11-27 16:51:08 | INFO    | cube.x6eq2mx5&x5eqx4px3.partition.x6eq2mx5&x5eqx4px3_0.2 |   [9] x6 == x4*3
2025-11-27 16:51:08 | INFO    | cube.x6eq2mx5&x5eqx4px3.partition.x6eq2mx5&x5eqx4px3_0.2 | ========================================
2025-11-27 16:51:08 | INFO    | cube.x6eq2mx5&x5eqx4px3.partition.x6eq2mx5&x5eqx4px3_0.2 | ========================================
2025-11-27 16:51:08 | INFO    | cube.x6eq2mx5&x5eqx4px3.partition.x6eq2mx5&x5eqx4px3_0.2 | Partition x6eq2mx5&x5eqx4px3_0.2 Members (7 total):
2025-11-27 16:51:08 | INFO    | cube.x6eq2mx5&x5eqx4px3.partition.x6eq2mx5&x5eqx4px3_0.2 | ========================================
2025-11-27 16:51:08 | INFO    | cube.x6eq2mx5&x5eqx4px3.partition.x6eq2mx5&x5eqx4px3_0.2 |   [0] =: x6 == x5*2
2025-11-27 16:51:08 | INFO    | cube.x6eq2mx5&x5eqx4px3.partition.x6eq2mx5&x5eqx4px3_0.2 |   [1] >: x6 - (x5*1 + x4*1) > 0
2025-11-27 16:51:08 | INFO    | cube.x6eq2mx5&x5eqx4px3.partition.x6eq2mx5&x5eqx4px3_0.2 |   [2] >: x6 - x5*1 > 0
2025-11-27 16:51:08 | INFO    | cube.x6eq2mx5&x5eqx4px3.partition.x6eq2mx5&x5eqx4px3_0.2 |   [3] =: x6 == x4*3
2025-11-27 16:51:08 | INFO    | cube.x6eq2mx5&x5eqx4px3.partition.x6eq2mx5&x5eqx4px3_0.2 |   [4] >: x6 - x4*2 > 0
2025-11-27 16:51:08 | INFO    | cube.x6eq2mx5&x5eqx4px3.partition.x6eq2mx5&x5eqx4px3_0.2 |   [5] >: x6 - x4*1 > 0
2025-11-27 16:51:08 | INFO    | cube.x6eq2mx5&x5eqx4px3.partition.x6eq2mx5&x5eqx4px3_0.2 |   [6] >: x6 - 0 > 0
2025-11-27 16:51:08 | INFO    | cube.x6eq2mx5&x5eqx4px3.partition.x6eq2mx5&x5eqx4px3_0.2 | ========================================
2025-11-27 16:51:08 | INFO    | cube | ..............................
2025-11-27 16:51:08 | INFO    | cube | [n=1] Starting analysis
2025-11-27 16:51:08 | INFO    | cube | ..............................
2025-11-27 16:51:08 | INFO    | cube.optim | Breaking down: x6 - (x5*1 + x4*1) = 1 * x_3
2025-11-27 16:51:08 | INFO    | cube.optim | Breakdown complete: 2 items
2025-11-27 16:51:08 | INFO    | cube.optim | Breaking down: x6 - x5*1 = 3 * x_3
2025-11-27 16:51:08 | INFO    | cube.optim | Breakdown complete: 4 items
2025-11-27 16:51:08 | INFO    | cube.optim | Breaking down: x6 - x4*2 = 2 * x_3
2025-11-27 16:51:08 | INFO    | cube.optim | Breakdown complete: 3 items
2025-11-27 16:51:08 | INFO    | cube.optim | Breaking down: x6 - x4*1 = 4 * x_3
2025-11-27 16:51:08 | INFO    | cube.optim | Breakdown complete: 5 items
2025-11-27 16:51:08 | INFO    | cube.optim | Breaking down: x6 - 0 = 6 * x_3
2025-11-27 16:51:08 | INFO    | cube.optim | Breakdown complete: 7 items
2025-11-27 16:51:08 | INFO    | cube.partition | Partition x6eq2mx5&x5eqx4px3_0.2: When n = 1, x_4 > 1 * x_3 :
2025-11-27 16:51:08 | INFO    | cube.partition |   [1] : x6 - x5*2 = 0 * x_3
2025-11-27 16:51:08 | INFO    | cube.partition |   [2] : x6 - (x5*1 + x4*1) = 1 * x_3
2025-11-27 16:51:08 | INFO    | cube.partition |     > [1] : x6 - (x5*1 + x4*1) - 1*x3 = 0 * x_2
2025-11-27 16:51:08 | INFO    | cube.partition |     > [2] : x6 - (x5*1 + x4*1) - 0*x3 > 1 * x_2
2025-11-27 16:51:08 | INFO    | cube.partition |   [3] : x6 - x5*1 = 3 * x_3
2025-11-27 16:51:08 | INFO    | cube.partition |     > [1] : x6 - x5*1 - 3*x3 = 0 * x_2
2025-11-27 16:51:08 | INFO    | cube.partition |     > [2] : x6 - x5*1 - 2*x3 > 1 * x_2
2025-11-27 16:51:08 | INFO    | cube.partition |     > [3] : x6 - x5*1 - 1*x3 > 2 * x_2
2025-11-27 16:51:08 | INFO    | cube.partition |     > [4] : x6 - x5*1 - 0*x3 > 3 * x_2
2025-11-27 16:51:08 | INFO    | cube.partition |   [4] : x6 - x4*3 = 0 * x_3
2025-11-27 16:51:08 | INFO    | cube.partition |   [5] : x6 - x4*2 = 2 * x_3
2025-11-27 16:51:08 | INFO    | cube.partition |     > [1] : x6 - x4*2 - 2*x3 = 0 * x_2
2025-11-27 16:51:08 | INFO    | cube.partition |     > [2] : x6 - x4*2 - 1*x3 > 1 * x_2
2025-11-27 16:51:08 | INFO    | cube.partition |     > [3] : x6 - x4*2 - 0*x3 > 2 * x_2
2025-11-27 16:51:08 | INFO    | cube.partition |   [6] : x6 - x4*1 = 4 * x_3
2025-11-27 16:51:08 | INFO    | cube.partition |     > [1] : x6 - x4*1 - 4*x3 = 0 * x_2
2025-11-27 16:51:08 | INFO    | cube.partition |     > [2] : x6 - x4*1 - 3*x3 > 1 * x_2
2025-11-27 16:51:08 | INFO    | cube.partition |     > [3] : x6 - x4*1 - 2*x3 > 2 * x_2
2025-11-27 16:51:08 | INFO    | cube.partition |     > [4] : x6 - x4*1 - 1*x3 > 3 * x_2
2025-11-27 16:51:08 | INFO    | cube.partition |     > [5] : x6 - x4*1 - 0*x3 > 4 * x_2
2025-11-27 16:51:08 | INFO    | cube.partition |   [7] : x6 - 0 = 6 * x_3
2025-11-27 16:51:08 | INFO    | cube.partition |     > [1] : x6 - 0 - 6*x3 = 0 * x_2
2025-11-27 16:51:08 | INFO    | cube.partition |     > [2] : x6 - 0 - 5*x3 > 1 * x_2
2025-11-27 16:51:08 | INFO    | cube.partition |     > [3] : x6 - 0 - 4*x3 > 2 * x_2
2025-11-27 16:51:08 | INFO    | cube.partition |     > [4] : x6 - 0 - 3*x3 > 3 * x_2
2025-11-27 16:51:08 | INFO    | cube.partition |     > [5] : x6 - 0 - 2*x3 > 4 * x_2
2025-11-27 16:51:08 | INFO    | cube.partition |     > [6] : x6 - 0 - 1*x3 > 5 * x_2
2025-11-27 16:51:08 | INFO    | cube.partition |     > [7] : x6 - 0 - 0*x3 > 6 * x_2
2025-11-27 16:51:08 | INFO    | cube.partition | ----------------------------------------
2025-11-27 16:51:08 | INFO    | cube | Optimizing with method=pulp
2025-11-27 16:51:08 | INFO    | cube.optim | Starting optimization...
2025-11-27 16:51:08 | INFO    | cube.optim |  [2] Using breakdown (breakdown=0.0125(20543)_6 < equ=0.0221_6)
2025-11-27 16:51:08 | INFO    | cube.optim |  [3] Using breakdown (breakdown=0.0040531(20543)_6 < equ=0.0132213_6)
2025-11-27 16:51:08 | INFO    | cube.optim |  [5] Using breakdown (breakdown=0.003124_6 < equ=0.0055543_6)
2025-11-27 16:51:08 | INFO    | cube.optim |  [6] Using breakdown (breakdown=0.00230051(01235)_6 < equ=0.00541513_6)
2025-11-27 16:51:08 | INFO    | cube.optim |  [7] Using breakdown (breakdown=0.000313350(2)_6 < equ=0.00131043_6)
2025-11-27 16:51:08 | INFO    | cube.optim |  lower bound: 0.042200404(54320)_6 (< 0.11052411_6)
2025-11-27 16:51:08 | INFO    | cube.optim |  upper bound: 0.100123(35012)_6 (< 0.11052411_6)
2025-11-27 16:51:08 | INFO    | cube.optim | ----------------------------------------
2025-11-27 16:51:08 | INFO    | cube.optim | Optimization result:
2025-11-27 16:51:08 | INFO    | cube.optim |  status: pruned
2025-11-27 16:51:08 | INFO    | cube.optim |  result: ['0.042200404(54320)_6', '0.100123(35012)_6']
2025-11-27 16:51:08 | INFO    | cube.optim |  details: too small, pruned
2025-11-27 16:51:08 | INFO    | cube.optim | ----------------------------------------
2025-11-27 16:51:08 | INFO    | cube | Status: pruned
2025-11-27 16:51:08 | INFO    | cube | ✂️ Pruned
2025-11-27 16:51:08 | INFO    | cube | Collected 0 success solver(s) at depth 0
2025-11-27 16:51:08 | INFO    | cube.x6eq2mx5&x5eqx4px3 | ================================================================================
2025-11-27 16:51:08 | INFO    | cube.x6eq2mx5&x5eqx4px3 | solve_constraints completed
2025-11-27 16:51:08 | INFO    | cube.x6eq2mx5&x5eqx4px3 | Status: failed
2025-11-27 16:51:08 | INFO    | cube.x6eq2mx5&x5eqx4px3 | Total success solvers: 0
2025-11-27 16:51:08 | INFO    | cube.x6eq2mx5&x5eqx4px3 | ================================================================================
2025-11-27 16:51:08 | WARNING | cube.x6eq2mx5&x5eqx4px3 | ⚠️ No valid solutions found
2025-11-27 16:51:08 | WARNING | cube | ⚠️ Group 2 FAILED: None
2025-11-27 16:51:08 | INFO    | cube | 
================================================================================
2025-11-27 16:51:08 | INFO    | cube | 📊 Batch Processing Summary
2025-11-27 16:51:08 | INFO    | cube | ================================================================================
2025-11-27 16:51:08 | INFO    | cube | Total groups processed: 2/2
2025-11-27 16:51:08 | INFO    | cube | ✅ Success: 0
2025-11-27 16:51:08 | INFO    | cube | ⚠️ Failed (no solutions): 1
2025-11-27 16:51:08 | INFO    | cube | ❌ Error: 1
2025-11-27 16:51:08 | INFO    | cube | 🎯 Total solutions found: 0
2025-11-27 16:51:08 | INFO    | cube | ================================================================================
2025-11-27 16:51:08 | INFO    | cube | 
Detailed Results:
2025-11-27 16:51:08 | INFO    | cube | --------------------------------------------------------------------------------
2025-11-27 16:51:08 | INFO    | cube | No.   Solver ID                      Status     Solutions 
2025-11-27 16:51:08 | INFO    | cube | --------------------------------------------------------------------------------
2025-11-27 16:51:08 | INFO    | cube | 1     x6eq2mx5&x5eqx4px2_0           error      0         
2025-11-27 16:51:08 | INFO    | cube | 2     x6eq2mx5&x5eqx4px3_0           failed     0         
2025-11-27 16:51:08 | INFO    | cube | ================================================================================
