18:40:05|INFO   | Partition x6eq2mx5&x5eqx4px3_0.2 initialized (i_min=4)
18:40:05|CRITICAL| ----------------------------------------
18:40:05|CRITICAL| Partition [3/3] (ID: x6eq2mx5&x5eqx4px3_0.2, i_min=4)
18:40:05|INFO   | ----------------------------------------
18:40:05|INFO   | ========================================
18:40:05|INFO   | Partition x6eq2mx5&x5eqx4px3_0.2 Solver Assertions:
18:40:05|INFO   | ========================================
18:40:05|INFO   |   [1] x6 > x5
18:40:05|INFO   |   [2] x5 > x4
18:40:05|INFO   |   [3] x4 > x3
18:40:05|INFO   |   [4] x3 > x2
18:40:05|INFO   |   [5] x2 > x1
18:40:05|INFO   |   [6] x1 > 0
18:40:05|INFO   |   [7] x6 == 2*x5
18:40:05|INFO   |   [8] x5 == x4 + x3
18:40:05|INFO   |   [9] x6 == x4*3
18:40:05|INFO   | ========================================
18:40:05|INFO   | ========================================
18:40:05|INFO   | Partition x6eq2mx5&x5eqx4px3_0.2 Members (7 total):
18:40:05|INFO   | ========================================
18:40:05|INFO   |   [0] =: x6 == x5*2
18:40:05|INFO   |   [1] >: x6 - (x5*1 + x4*1) > 0
18:40:05|INFO   |   [2] >: x6 - x5*1 > 0
18:40:05|INFO   |   [3] =: x6 == x4*3
18:40:05|INFO   |   [4] >: x6 - x4*2 > 0
18:40:05|INFO   |   [5] >: x6 - x4*1 > 0
18:40:05|INFO   |   [6] >: x6 - 0 > 0
18:40:05|INFO   | ========================================
18:40:05|INFO   | ..............................
18:40:05|INFO   | [n=1] Starting analysis
18:40:05|INFO   | ..............................
18:40:05|INFO   | Breaking down: x6 - (x5*1 + x4*1) = 1 * x_3
18:40:05|INFO   | Breakdown complete: 2 items
18:40:05|INFO   | Breaking down: x6 - x5*1 = 3 * x_3
18:40:05|INFO   | Breakdown complete: 4 items
18:40:05|INFO   | Breaking down: x6 - x4*2 = 2 * x_3
18:40:05|INFO   | Breakdown complete: 3 items
18:40:05|INFO   | Breaking down: x6 - x4*1 = 4 * x_3
18:40:05|INFO   | Breakdown complete: 5 items
18:40:05|INFO   | Breaking down: x6 - 0 = 6 * x_3
18:40:05|INFO   | Breakdown complete: 7 items
18:40:05|INFO   | Partition x6eq2mx5&x5eqx4px3_0.2: When n = 1, x_4 > 1 * x_3 :
18:40:05|INFO   |   [1] : x6 - x5*2 = 0 * x_3
18:40:05|INFO   |   [2] : x6 - (x5*1 + x4*1) = 1 * x_3
18:40:05|INFO   |     > [1] : x6 - (x5*1 + x4*1) - 1*x3 = 0 * x_2
18:40:05|INFO   |     > [2] : x6 - (x5*1 + x4*1) - 0*x3 > 1 * x_2
18:40:05|INFO   |   [3] : x6 - x5*1 = 3 * x_3
18:40:05|INFO   |     > [1] : x6 - x5*1 - 3*x3 = 0 * x_2
18:40:05|INFO   |     > [2] : x6 - x5*1 - 2*x3 > 1 * x_2
18:40:05|INFO   |     > [3] : x6 - x5*1 - 1*x3 > 2 * x_2
18:40:05|INFO   |     > [4] : x6 - x5*1 - 0*x3 > 3 * x_2
18:40:05|INFO   |   [4] : x6 - x4*3 = 0 * x_3
18:40:05|INFO   |   [5] : x6 - x4*2 = 2 * x_3
18:40:05|INFO   |     > [1] : x6 - x4*2 - 2*x3 = 0 * x_2
18:40:05|INFO   |     > [2] : x6 - x4*2 - 1*x3 > 1 * x_2
18:40:05|INFO   |     > [3] : x6 - x4*2 - 0*x3 > 2 * x_2
18:40:05|INFO   |   [6] : x6 - x4*1 = 4 * x_3
18:40:05|INFO   |     > [1] : x6 - x4*1 - 4*x3 = 0 * x_2
18:40:05|INFO   |     > [2] : x6 - x4*1 - 3*x3 > 1 * x_2
18:40:05|INFO   |     > [3] : x6 - x4*1 - 2*x3 > 2 * x_2
18:40:05|INFO   |     > [4] : x6 - x4*1 - 1*x3 > 3 * x_2
18:40:05|INFO   |     > [5] : x6 - x4*1 - 0*x3 > 4 * x_2
18:40:05|INFO   |   [7] : x6 - 0 = 6 * x_3
18:40:05|INFO   |     > [1] : x6 - 0 - 6*x3 = 0 * x_2
18:40:05|INFO   |     > [2] : x6 - 0 - 5*x3 > 1 * x_2
18:40:05|INFO   |     > [3] : x6 - 0 - 4*x3 > 2 * x_2
18:40:05|INFO   |     > [4] : x6 - 0 - 3*x3 > 3 * x_2
18:40:05|INFO   |     > [5] : x6 - 0 - 2*x3 > 4 * x_2
18:40:05|INFO   |     > [6] : x6 - 0 - 1*x3 > 5 * x_2
18:40:05|INFO   |     > [7] : x6 - 0 - 0*x3 > 6 * x_2
18:40:05|INFO   | ----------------------------------------
18:40:05|INFO   | Optimizing with method=pulp
18:40:05|INFO   | Starting optimization...
18:40:05|INFO   |  [2] Using breakdown (breakdown=0.0125(20543)_6 < equ=0.0221_6)
18:40:05|INFO   |  [3] Using breakdown (breakdown=0.0040531(20543)_6 < equ=0.0132213_6)
18:40:05|INFO   |  [5] Using breakdown (breakdown=0.003124_6 < equ=0.0055543_6)
18:40:05|INFO   |  [6] Using breakdown (breakdown=0.00230051(01235)_6 < equ=0.00541513_6)
18:40:05|INFO   |  [7] Using breakdown (breakdown=0.000313350(2)_6 < equ=0.00131043_6)
18:40:05|INFO   |  lower bound: 0.042200404(54320)_6 (< 0.11052411_6)
18:40:05|INFO   |  upper bound: 0.100123(35012)_6 (< 0.11052411_6)
18:40:05|INFO   | ----------------------------------------
18:40:05|INFO   | Optimization result:
18:40:05|INFO   |  status: pruned
18:40:05|INFO   |  result: ['0.042200404(54320)_6', '0.100123(35012)_6']
18:40:05|INFO   |  details: too small, pruned
18:40:05|INFO   | ----------------------------------------
18:40:05|INFO   | Status: pruned
18:40:05|CRITICAL| ✂️ Pruned
