18:40:05|INFO   | Partition x6eq2mx5&x5eqx4px3_0.1 initialized (i_min=4)
18:40:05|CRITICAL| ----------------------------------------
18:40:05|CRITICAL| Partition [2/3] (ID: x6eq2mx5&x5eqx4px3_0.1, i_min=4)
18:40:05|INFO   | ----------------------------------------
18:40:05|INFO   | ========================================
18:40:05|INFO   | Partition x6eq2mx5&x5eqx4px3_0.1 Solver Assertions:
18:40:05|INFO   | ========================================
18:40:05|INFO   |   [1] x6 > x5
18:40:05|INFO   |   [2] x5 > x4
18:40:05|INFO   |   [3] x4 > x3
18:40:05|INFO   |   [4] x3 > x2
18:40:05|INFO   |   [5] x2 > x1
18:40:05|INFO   |   [6] x1 > 0
18:40:05|INFO   |   [7] x6 == 2*x5
18:40:05|INFO   |   [8] x5 == x4 + x3
18:40:05|INFO   |   [9] x6 - x4*3 > 0
18:40:05|INFO   | ========================================
18:40:05|INFO   | ========================================
18:40:05|INFO   | Partition x6eq2mx5&x5eqx4px3_0.1 Members (7 total):
18:40:05|INFO   | ========================================
18:40:05|INFO   |   [0] =: x6 == x5*2
18:40:05|INFO   |   [1] >: x6 - (x5*1 + x4*1) > 0
18:40:05|INFO   |   [2] >: x6 - x5*1 > 0
18:40:05|INFO   |   [3] >: x6 - x4*3 > 0
18:40:05|INFO   |   [4] >: x6 - x4*2 > 0
18:40:05|INFO   |   [5] >: x6 - x4*1 > 0
18:40:05|INFO   |   [6] >: x6 - 0 > 0
18:40:05|INFO   | ========================================
18:40:05|INFO   | ..............................
18:40:05|INFO   | [n=1] Starting analysis
18:40:05|INFO   | ..............................
18:40:05|INFO   | Breaking down: x6 - (x5*1 + x4*1) = 1 * x_3
18:40:05|INFO   | Breakdown complete: 2 items
18:40:05|INFO   | Breaking down: x6 - x4*2 = 2 * x_3
18:40:05|INFO   | Breakdown complete: 3 items
18:40:05|INFO   | Partition x6eq2mx5&x5eqx4px3_0.1: When n = 1, x_4 > 1 * x_3 :
18:40:05|INFO   |   [1] : x6 - x5*2 = 0 * x_3
18:40:05|INFO   |   [2] : x6 - (x5*1 + x4*1) = 1 * x_3
18:40:05|INFO   |     > [1] : x6 - (x5*1 + x4*1) - 1*x3 = 0 * x_2
18:40:05|INFO   |     > [2] : x6 - (x5*1 + x4*1) - 0*x3 > 1 * x_2
18:40:05|INFO   |   [3] : x6 - x5*1 > 2 * x_3
18:40:05|INFO   |   [4] : x6 - x4*3 > 0 * x_3
18:40:05|INFO   |   [5] : x6 - x4*2 = 2 * x_3
18:40:05|INFO   |     > [1] : x6 - x4*2 - 2*x3 = 0 * x_2
18:40:05|INFO   |     > [2] : x6 - x4*2 - 1*x3 > 1 * x_2
18:40:05|INFO   |     > [3] : x6 - x4*2 - 0*x3 > 2 * x_2
18:40:05|INFO   |   [6] : x6 - x4*1 > 3 * x_3
18:40:05|INFO   |   [7] : x6 - 0 > 4 * x_3
18:40:05|INFO   | ----------------------------------------
18:40:05|INFO   | Optimizing with method=pulp
18:40:05|INFO   | Starting optimization...
18:40:05|INFO   |  [2] Using breakdown (breakdown=0.0125(20543)_6 < equ=0.0221_6)
18:40:05|INFO   |  [5] Using breakdown (breakdown=0.003124_6 < equ=0.0055543_6)
18:40:05|INFO   |  lower bound: 0.050533330(20543)_6 (< 0.11052411_6)
18:40:05|INFO   |  upper bound: 0.11044533(54320)_6 (< 0.11052411_6)
18:40:05|INFO   | ----------------------------------------
18:40:05|INFO   | Optimization result:
18:40:05|INFO   |  status: pruned
18:40:05|INFO   |  result: ['0.050533330(20543)_6', '0.11044533(54320)_6']
18:40:05|INFO   |  details: too small, pruned
18:40:05|INFO   | ----------------------------------------
18:40:05|INFO   | Status: pruned
18:40:05|CRITICAL| ✂️ Pruned
