19:44:19|INFO    | Constraint logger initialized: x6eq2mx5&x5eqx4px3
19:44:19|INFO    | ================================================================================
19:44:19|INFO    | Starting solve_constraints
19:44:19|INFO    | Constraints: ['x6 == 2 * x5', 'x5 == x4 + x3']
19:44:19|INFO    | n_max: 36, max_depth: 10
19:44:19|INFO    | ================================================================================
19:44:19|INFO    | Solver ID: x6eq2mx5&x5eqx4px3_0
19:44:19|INFO    | Initial solver is satisfiable
19:44:19|INFO    | Optimizer initialized with n_max=36
19:44:19|INFO    | Starting recursive processing...
19:44:19|INFO    | ========================================
19:44:19|CRITICAL| [Depth 0] Processing solver (ID: x6eq2mx5&x5eqx4px3_0)
19:44:19|INFO    | ========================================
19:44:19|INFO    | ========================================
19:44:19|INFO    | Solver x6eq2mx5&x5eqx4px3_0 Assertions:
19:44:19|INFO    | ========================================
19:44:19|INFO    |   [1] x6 > x5
19:44:19|INFO    |   [2] x5 > x4
19:44:19|INFO    |   [3] x4 > x3
19:44:19|INFO    |   [4] x3 > x2
19:44:19|INFO    |   [5] x2 > x1
19:44:19|INFO    |   [6] x1 > 0
19:44:19|INFO    |   [7] x6 == 2*x5
19:44:19|INFO    |   [8] x5 == x4 + x3
19:44:19|INFO    | ========================================
19:44:19|INFO    | Solver x6eq2mx5&x5eqx4px3_0 开始分解...
19:44:19|CRITICAL| Solver x6eq2mx5&x5eqx4px3_0 分解完成: 生成 3 个Partitions, i_min=4
19:44:19|CRITICAL| ----------------------------------------
19:44:19|CRITICAL| Partition [1/3] (ID: x6eq2mx5&x5eqx4px3_0.0, i_min=4)
19:44:19|INFO    | ----------------------------------------
19:44:19|INFO    | ========================================
19:44:19|INFO    | Partition x6eq2mx5&x5eqx4px3_0.0 Solver Assertions:
19:44:19|INFO    | ========================================
19:44:19|INFO    |   [1] x6 > x5
19:44:19|INFO    |   [2] x5 > x4
19:44:19|INFO    |   [3] x4 > x3
19:44:19|INFO    |   [4] x3 > x2
19:44:19|INFO    |   [5] x2 > x1
19:44:19|INFO    |   [6] x1 > 0
19:44:19|INFO    |   [7] x6 == 2*x5
19:44:19|INFO    |   [8] x5 == x4 + x3
19:44:19|INFO    |   [9] And(Not(x6 - x4*3 > 0), Not(x6 == x4*3))
19:44:19|INFO    | ========================================
19:44:19|INFO    | ========================================
19:44:19|INFO    | Partition x6eq2mx5&x5eqx4px3_0.0 Members (6 total):
19:44:19|INFO    | ========================================
19:44:19|INFO    |   [0] =: x6 == x5*2
19:44:19|INFO    |   [1] >: x6 - (x5*1 + x4*1) > 0
19:44:19|INFO    |   [2] >: x6 - x5*1 > 0
19:44:19|INFO    |   [3] >: x6 - x4*2 > 0
19:44:19|INFO    |   [4] >: x6 - x4*1 > 0
19:44:19|INFO    |   [5] >: x6 - 0 > 0
19:44:19|INFO    | ========================================
19:44:19|INFO    | ..............................
19:44:19|INFO    | [n=1] Starting analysis
19:44:19|INFO    | ..............................
19:44:19|INFO    | Breaking down: x6 - (x5*1 + x4*1) = 1 * x_3
19:44:19|INFO    | Breakdown complete: 2 items
19:44:19|INFO    | Breaking down: x6 - x4*2 = 2 * x_3
19:44:19|INFO    | Breakdown complete: 3 items
19:44:19|INFO    | Partition x6eq2mx5&x5eqx4px3_0.0: When n = 1, x_4 > 1 * x_3 :
19:44:19|INFO    |   [1] : x6 - x5*2 = 0 * x_3
19:44:19|INFO    |   [2] : x6 - (x5*1 + x4*1) = 1 * x_3
19:44:19|INFO    |     > [1] : x6 - (x5*1 + x4*1) - 1*x3 = 0 * x_2
19:44:19|INFO    |     > [2] : x6 - (x5*1 + x4*1) - 0*x3 > 1 * x_2
19:44:19|INFO    |   [3] : x6 - x5*1 > 3 * x_3
19:44:19|INFO    |   [4] : x6 - x4*2 = 2 * x_3
19:44:19|INFO    |     > [1] : x6 - x4*2 - 2*x3 = 0 * x_2
19:44:19|INFO    |     > [2] : x6 - x4*2 - 1*x3 > 1 * x_2
19:44:19|INFO    |     > [3] : x6 - x4*2 - 0*x3 > 2 * x_2
19:44:19|INFO    |   [5] : x6 - x4*1 > 4 * x_3
19:44:19|INFO    |   [6] : x6 - 0 > 6 * x_3
19:44:19|INFO    | ----------------------------------------
19:44:19|INFO    | Optimizing with method=pulp
19:44:19|INFO    | Starting optimization...
19:44:19|INFO    |  [2] Using breakdown (breakdown=0.0125(20543)_6 < equ=0.0221_6)
19:44:19|INFO    |  [4] Using breakdown (breakdown=0.003124_6 < equ=0.0055543_6)
19:44:19|INFO    |  lower bound: 0.035454330(20543)_6 (< 0.11052411_6)
19:44:19|INFO    |  upper bound: 0.0520415(05432)_6 (< 0.11052411_6)
19:44:19|INFO    | ----------------------------------------
19:44:19|INFO    | Optimization result:
19:44:19|INFO    |  status: pruned
19:44:19|INFO    |  result: ['0.035454330(20543)_6', '0.0520415(05432)_6']
19:44:19|INFO    |  details: too small, pruned
19:44:19|INFO    | ----------------------------------------
19:44:19|INFO    | Status: pruned
19:44:19|CRITICAL| ✂️ Pruned
19:44:19|CRITICAL| ----------------------------------------
19:44:19|CRITICAL| Partition [2/3] (ID: x6eq2mx5&x5eqx4px3_0.1, i_min=4)
19:44:19|INFO    | ----------------------------------------
19:44:19|INFO    | ========================================
19:44:19|INFO    | Partition x6eq2mx5&x5eqx4px3_0.1 Solver Assertions:
19:44:19|INFO    | ========================================
19:44:19|INFO    |   [1] x6 > x5
19:44:19|INFO    |   [2] x5 > x4
19:44:19|INFO    |   [3] x4 > x3
19:44:19|INFO    |   [4] x3 > x2
19:44:19|INFO    |   [5] x2 > x1
19:44:19|INFO    |   [6] x1 > 0
19:44:19|INFO    |   [7] x6 == 2*x5
19:44:19|INFO    |   [8] x5 == x4 + x3
19:44:19|INFO    |   [9] x6 - x4*3 > 0
19:44:19|INFO    | ========================================
19:44:19|INFO    | ========================================
19:44:19|INFO    | Partition x6eq2mx5&x5eqx4px3_0.1 Members (7 total):
19:44:19|INFO    | ========================================
19:44:19|INFO    |   [0] =: x6 == x5*2
19:44:19|INFO    |   [1] >: x6 - (x5*1 + x4*1) > 0
19:44:19|INFO    |   [2] >: x6 - x5*1 > 0
19:44:19|INFO    |   [3] >: x6 - x4*3 > 0
19:44:19|INFO    |   [4] >: x6 - x4*2 > 0
19:44:19|INFO    |   [5] >: x6 - x4*1 > 0
19:44:19|INFO    |   [6] >: x6 - 0 > 0
19:44:19|INFO    | ========================================
19:44:19|INFO    | ..............................
19:44:19|INFO    | [n=1] Starting analysis
19:44:19|INFO    | ..............................
19:44:19|INFO    | Breaking down: x6 - (x5*1 + x4*1) = 1 * x_3
19:44:19|INFO    | Breakdown complete: 2 items
19:44:19|INFO    | Breaking down: x6 - x4*2 = 2 * x_3
19:44:19|INFO    | Breakdown complete: 3 items
19:44:19|INFO    | Partition x6eq2mx5&x5eqx4px3_0.1: When n = 1, x_4 > 1 * x_3 :
19:44:19|INFO    |   [1] : x6 - x5*2 = 0 * x_3
19:44:19|INFO    |   [2] : x6 - (x5*1 + x4*1) = 1 * x_3
19:44:19|INFO    |     > [1] : x6 - (x5*1 + x4*1) - 1*x3 = 0 * x_2
19:44:19|INFO    |     > [2] : x6 - (x5*1 + x4*1) - 0*x3 > 1 * x_2
19:44:19|INFO    |   [3] : x6 - x5*1 > 2 * x_3
19:44:19|INFO    |   [4] : x6 - x4*3 > 0 * x_3
19:44:19|INFO    |   [5] : x6 - x4*2 = 2 * x_3
19:44:19|INFO    |     > [1] : x6 - x4*2 - 2*x3 = 0 * x_2
19:44:19|INFO    |     > [2] : x6 - x4*2 - 1*x3 > 1 * x_2
19:44:19|INFO    |     > [3] : x6 - x4*2 - 0*x3 > 2 * x_2
19:44:19|INFO    |   [6] : x6 - x4*1 > 3 * x_3
19:44:19|INFO    |   [7] : x6 - 0 > 4 * x_3
19:44:19|INFO    | ----------------------------------------
19:44:19|INFO    | Optimizing with method=pulp
19:44:19|INFO    | Starting optimization...
19:44:19|INFO    |  [2] Using breakdown (breakdown=0.0125(20543)_6 < equ=0.0221_6)
19:44:19|INFO    |  [5] Using breakdown (breakdown=0.003124_6 < equ=0.0055543_6)
19:44:19|INFO    |  lower bound: 0.050533330(20543)_6 (< 0.11052411_6)
19:44:19|INFO    |  upper bound: 0.11044533(54320)_6 (< 0.11052411_6)
19:44:19|INFO    | ----------------------------------------
19:44:19|INFO    | Optimization result:
19:44:19|INFO    |  status: pruned
19:44:19|INFO    |  result: ['0.050533330(20543)_6', '0.11044533(54320)_6']
19:44:19|INFO    |  details: too small, pruned
19:44:19|INFO    | ----------------------------------------
19:44:19|INFO    | Status: pruned
19:44:19|CRITICAL| ✂️ Pruned
19:44:19|CRITICAL| ----------------------------------------
19:44:19|CRITICAL| Partition [3/3] (ID: x6eq2mx5&x5eqx4px3_0.2, i_min=4)
19:44:19|INFO    | ----------------------------------------
19:44:19|INFO    | ========================================
19:44:19|INFO    | Partition x6eq2mx5&x5eqx4px3_0.2 Solver Assertions:
19:44:19|INFO    | ========================================
19:44:19|INFO    |   [1] x6 > x5
19:44:19|INFO    |   [2] x5 > x4
19:44:19|INFO    |   [3] x4 > x3
19:44:19|INFO    |   [4] x3 > x2
19:44:19|INFO    |   [5] x2 > x1
19:44:19|INFO    |   [6] x1 > 0
19:44:19|INFO    |   [7] x6 == 2*x5
19:44:19|INFO    |   [8] x5 == x4 + x3
19:44:19|INFO    |   [9] x6 == x4*3
19:44:19|INFO    | ========================================
19:44:19|INFO    | ========================================
19:44:19|INFO    | Partition x6eq2mx5&x5eqx4px3_0.2 Members (7 total):
19:44:19|INFO    | ========================================
19:44:19|INFO    |   [0] =: x6 == x5*2
19:44:19|INFO    |   [1] >: x6 - (x5*1 + x4*1) > 0
19:44:19|INFO    |   [2] >: x6 - x5*1 > 0
19:44:19|INFO    |   [3] =: x6 == x4*3
19:44:19|INFO    |   [4] >: x6 - x4*2 > 0
19:44:19|INFO    |   [5] >: x6 - x4*1 > 0
19:44:19|INFO    |   [6] >: x6 - 0 > 0
19:44:19|INFO    | ========================================
19:44:19|INFO    | ..............................
19:44:19|INFO    | [n=1] Starting analysis
19:44:19|INFO    | ..............................
19:44:19|INFO    | Breaking down: x6 - (x5*1 + x4*1) = 1 * x_3
19:44:19|INFO    | Breakdown complete: 2 items
19:44:19|INFO    | Breaking down: x6 - x5*1 = 3 * x_3
19:44:19|INFO    | Breakdown complete: 4 items
19:44:19|INFO    | Breaking down: x6 - x4*2 = 2 * x_3
19:44:19|INFO    | Breakdown complete: 3 items
19:44:19|INFO    | Breaking down: x6 - x4*1 = 4 * x_3
19:44:19|INFO    | Breakdown complete: 5 items
19:44:19|INFO    | Breaking down: x6 - 0 = 6 * x_3
19:44:19|INFO    | Breakdown complete: 7 items
19:44:19|INFO    | Partition x6eq2mx5&x5eqx4px3_0.2: When n = 1, x_4 > 1 * x_3 :
19:44:19|INFO    |   [1] : x6 - x5*2 = 0 * x_3
19:44:19|INFO    |   [2] : x6 - (x5*1 + x4*1) = 1 * x_3
19:44:19|INFO    |     > [1] : x6 - (x5*1 + x4*1) - 1*x3 = 0 * x_2
19:44:19|INFO    |     > [2] : x6 - (x5*1 + x4*1) - 0*x3 > 1 * x_2
19:44:19|INFO    |   [3] : x6 - x5*1 = 3 * x_3
19:44:19|INFO    |     > [1] : x6 - x5*1 - 3*x3 = 0 * x_2
19:44:19|INFO    |     > [2] : x6 - x5*1 - 2*x3 > 1 * x_2
19:44:19|INFO    |     > [3] : x6 - x5*1 - 1*x3 > 2 * x_2
19:44:19|INFO    |     > [4] : x6 - x5*1 - 0*x3 > 3 * x_2
19:44:19|INFO    |   [4] : x6 - x4*3 = 0 * x_3
19:44:19|INFO    |   [5] : x6 - x4*2 = 2 * x_3
19:44:19|INFO    |     > [1] : x6 - x4*2 - 2*x3 = 0 * x_2
19:44:19|INFO    |     > [2] : x6 - x4*2 - 1*x3 > 1 * x_2
19:44:19|INFO    |     > [3] : x6 - x4*2 - 0*x3 > 2 * x_2
19:44:19|INFO    |   [6] : x6 - x4*1 = 4 * x_3
19:44:19|INFO    |     > [1] : x6 - x4*1 - 4*x3 = 0 * x_2
19:44:19|INFO    |     > [2] : x6 - x4*1 - 3*x3 > 1 * x_2
19:44:19|INFO    |     > [3] : x6 - x4*1 - 2*x3 > 2 * x_2
19:44:19|INFO    |     > [4] : x6 - x4*1 - 1*x3 > 3 * x_2
19:44:19|INFO    |     > [5] : x6 - x4*1 - 0*x3 > 4 * x_2
19:44:19|INFO    |   [7] : x6 - 0 = 6 * x_3
19:44:19|INFO    |     > [1] : x6 - 0 - 6*x3 = 0 * x_2
19:44:19|INFO    |     > [2] : x6 - 0 - 5*x3 > 1 * x_2
19:44:19|INFO    |     > [3] : x6 - 0 - 4*x3 > 2 * x_2
19:44:19|INFO    |     > [4] : x6 - 0 - 3*x3 > 3 * x_2
19:44:19|INFO    |     > [5] : x6 - 0 - 2*x3 > 4 * x_2
19:44:19|INFO    |     > [6] : x6 - 0 - 1*x3 > 5 * x_2
19:44:20|INFO    |     > [7] : x6 - 0 - 0*x3 > 6 * x_2
19:44:20|INFO    | ----------------------------------------
19:44:20|INFO    | Optimizing with method=pulp
19:44:20|INFO    | Starting optimization...
19:44:20|INFO    |  [2] Using breakdown (breakdown=0.0125(20543)_6 < equ=0.0221_6)
19:44:20|INFO    |  [3] Using breakdown (breakdown=0.0040531(20543)_6 < equ=0.0132213_6)
19:44:20|INFO    |  [5] Using breakdown (breakdown=0.003124_6 < equ=0.0055543_6)
19:44:20|INFO    |  [6] Using breakdown (breakdown=0.00230051(01235)_6 < equ=0.00541513_6)
19:44:20|INFO    |  [7] Using breakdown (breakdown=0.000313350(2)_6 < equ=0.00131043_6)
19:44:20|INFO    |  lower bound: 0.042200404(54320)_6 (< 0.11052411_6)
19:44:20|INFO    |  upper bound: 0.100123(35012)_6 (< 0.11052411_6)
19:44:20|INFO    | ----------------------------------------
19:44:20|INFO    | Optimization result:
19:44:20|INFO    |  status: pruned
19:44:20|INFO    |  result: ['0.042200404(54320)_6', '0.100123(35012)_6']
19:44:20|INFO    |  details: too small, pruned
19:44:20|INFO    | ----------------------------------------
19:44:20|INFO    | Status: pruned
19:44:20|CRITICAL| ✂️ Pruned
19:44:20|CRITICAL| Collected 0 success solver(s) at depth 0
19:44:20|INFO    | ================================================================================
19:44:20|INFO    | solve_constraints completed
19:44:20|INFO    | Status: failed
19:44:20|INFO    | Total success solvers: 0
19:44:20|INFO    | ================================================================================
19:44:20|WARNING | ⚠️ No valid solutions found
